Component: ARM Compiler 6.13.1 Tool: armlink [5d895400]

==============================================================================

Section Cross References

    startup_stm32h743xx.o(RESET) refers to startup_stm32h743xx.o(STACK) for __initial_sp
    startup_stm32h743xx.o(RESET) refers to startup_stm32h743xx.o(.text) for Reset_Handler
    startup_stm32h743xx.o(RESET) refers to stm32h7xx_it.o(.text.NMI_Handler) for NMI_Handler
    startup_stm32h743xx.o(RESET) refers to stm32h7xx_it.o(.text.HardFault_Handler) for HardFault_Handler
    startup_stm32h743xx.o(RESET) refers to stm32h7xx_it.o(.text.MemManage_Handler) for MemManage_Handler
    startup_stm32h743xx.o(RESET) refers to stm32h7xx_it.o(.text.BusFault_Handler) for BusFault_Handler
    startup_stm32h743xx.o(RESET) refers to stm32h7xx_it.o(.text.UsageFault_Handler) for UsageFault_Handler
    startup_stm32h743xx.o(RESET) refers to stm32h7xx_it.o(.text.SVC_Handler) for SVC_Handler
    startup_stm32h743xx.o(RESET) refers to stm32h7xx_it.o(.text.DebugMon_Handler) for DebugMon_Handler
    startup_stm32h743xx.o(RESET) refers to stm32h7xx_it.o(.text.PendSV_Handler) for PendSV_Handler
    startup_stm32h743xx.o(RESET) refers to stm32h7xx_it.o(.text.SysTick_Handler) for SysTick_Handler
    startup_stm32h743xx.o(RESET) refers to stm32h7xx_it.o(.text.DMA1_Stream0_IRQHandler) for DMA1_Stream0_IRQHandler
    startup_stm32h743xx.o(RESET) refers to stm32h7xx_it.o(.text.DMA1_Stream1_IRQHandler) for DMA1_Stream1_IRQHandler
    startup_stm32h743xx.o(RESET) refers to stm32h7xx_it.o(.text.USART1_IRQHandler) for USART1_IRQHandler
    startup_stm32h743xx.o(.text) refers to system_stm32h7xx.o(.text.SystemInit) for SystemInit
    startup_stm32h743xx.o(.text) refers to entry.o(.ARM.Collect$$$$00000000) for __main
    main.o(.text.main) refers to stm32h7xx_hal.o(.text.HAL_Init) for HAL_Init
    main.o(.text.main) refers to main.o(.text.SystemClock_Config) for SystemClock_Config
    main.o(.text.main) refers to gpio.o(.text.MX_GPIO_Init) for MX_GPIO_Init
    main.o(.text.main) refers to dma.o(.text.MX_DMA_Init) for MX_DMA_Init
    main.o(.text.main) refers to usart.o(.text.MX_USART1_UART_Init) for MX_USART1_UART_Init
    main.o(.text.main) refers to usart.o(.bss.huart1) for huart1
    main.o(.text.main) refers to my_uart.o(.ARM.__at_0x24000000) for UsartType
    main.o(.text.main) refers to stm32h7xx_hal_uart.o(.text.HAL_UART_Transmit_DMA) for HAL_UART_Transmit_DMA
    main.o(.ARM.exidx.text.main) refers to main.o(.text.main) for [Anonymous Symbol]
    main.o(.text.SystemClock_Config) refers to memseta.o(.text) for __aeabi_memclr4
    main.o(.text.SystemClock_Config) refers to stm32h7xx_hal_pwr_ex.o(.text.HAL_PWREx_ConfigSupply) for HAL_PWREx_ConfigSupply
    main.o(.text.SystemClock_Config) refers to stm32h7xx_hal_rcc.o(.text.HAL_RCC_OscConfig) for HAL_RCC_OscConfig
    main.o(.text.SystemClock_Config) refers to stm32h7xx_hal_rcc.o(.text.HAL_RCC_ClockConfig) for HAL_RCC_ClockConfig
    main.o(.text.SystemClock_Config) refers to stm32h7xx_hal_rcc_ex.o(.text.HAL_RCCEx_PeriphCLKConfig) for HAL_RCCEx_PeriphCLKConfig
    main.o(.ARM.exidx.text.SystemClock_Config) refers to main.o(.text.SystemClock_Config) for [Anonymous Symbol]
    main.o(.ARM.exidx.text.Error_Handler) refers to main.o(.text.Error_Handler) for [Anonymous Symbol]
    gpio.o(.ARM.exidx.text.MX_GPIO_Init) refers to gpio.o(.text.MX_GPIO_Init) for [Anonymous Symbol]
    debug.o(.ARM.exidx.text.MX_DEBUG_Init) refers to debug.o(.text.MX_DEBUG_Init) for [Anonymous Symbol]
    dma.o(.text.MX_DMA_Init) refers to stm32h7xx_hal_cortex.o(.text.HAL_NVIC_SetPriority) for HAL_NVIC_SetPriority
    dma.o(.text.MX_DMA_Init) refers to stm32h7xx_hal_cortex.o(.text.HAL_NVIC_EnableIRQ) for HAL_NVIC_EnableIRQ
    dma.o(.ARM.exidx.text.MX_DMA_Init) refers to dma.o(.text.MX_DMA_Init) for [Anonymous Symbol]
    usart.o(.text.MX_USART1_UART_Init) refers to usart.o(.bss.huart1) for huart1
    usart.o(.text.MX_USART1_UART_Init) refers to memseta.o(.text) for __aeabi_memclr4
    usart.o(.text.MX_USART1_UART_Init) refers to stm32h7xx_hal_uart.o(.text.HAL_UART_Init) for HAL_UART_Init
    usart.o(.text.MX_USART1_UART_Init) refers to main.o(.text.Error_Handler) for Error_Handler
    usart.o(.text.MX_USART1_UART_Init) refers to stm32h7xx_hal_uart_ex.o(.text.HAL_UARTEx_SetTxFifoThreshold) for HAL_UARTEx_SetTxFifoThreshold
    usart.o(.text.MX_USART1_UART_Init) refers to stm32h7xx_hal_uart_ex.o(.text.HAL_UARTEx_SetRxFifoThreshold) for HAL_UARTEx_SetRxFifoThreshold
    usart.o(.text.MX_USART1_UART_Init) refers to stm32h7xx_hal_uart_ex.o(.text.HAL_UARTEx_DisableFifoMode) for HAL_UARTEx_DisableFifoMode
    usart.o(.ARM.exidx.text.MX_USART1_UART_Init) refers to usart.o(.text.MX_USART1_UART_Init) for [Anonymous Symbol]
    usart.o(.text.HAL_UART_MspInit) refers to memseta.o(.text) for __aeabi_memclr4
    usart.o(.text.HAL_UART_MspInit) refers to stm32h7xx_hal_gpio.o(.text.HAL_GPIO_Init) for HAL_GPIO_Init
[...]
    Removing stm32h7xx_hal.o(.ARM.exidx.text.HAL_EnableDomain3DBGStandbyMode), (8 bytes).
    Removing stm32h7xx_hal.o(.text.HAL_DisableDomain3DBGStandbyMode), (18 bytes).
    Removing stm32h7xx_hal.o(.ARM.exidx.text.HAL_DisableDomain3DBGStandbyMode), (8 bytes).
    Removing stm32h7xx_hal.o(.text.HAL_SetFMCMemorySwappingConfig), (20 bytes).
    Removing stm32h7xx_hal.o(.ARM.exidx.text.HAL_SetFMCMemorySwappingConfig), (8 bytes).
    Removing stm32h7xx_hal.o(.text.HAL_GetFMCMemorySwappingConfig), (16 bytes).
    Removing stm32h7xx_hal.o(.ARM.exidx.text.HAL_GetFMCMemorySwappingConfig), (8 bytes).
    Removing stm32h7xx_hal.o(.text.HAL_EXTI_EdgeConfig), (80 bytes).
    Removing stm32h7xx_hal.o(.ARM.exidx.text.HAL_EXTI_EdgeConfig), (8 bytes).
    Removing stm32h7xx_hal.o(.text.HAL_EXTI_GenerateSWInterrupt), (28 bytes).
    Removing stm32h7xx_hal.o(.ARM.exidx.text.HAL_EXTI_GenerateSWInterrupt), (8 bytes).
    Removing stm32h7xx_hal.o(.text.HAL_EXTI_D1_ClearFlag), (28 bytes).
    Removing stm32h7xx_hal.o(.ARM.exidx.text.HAL_EXTI_D1_ClearFlag), (8 bytes).
    Removing stm32h7xx_hal.o(.text.HAL_EXTI_D1_EventInputConfig), (106 bytes).
    Removing stm32h7xx_hal.o(.ARM.exidx.text.HAL_EXTI_D1_EventInputConfig), (8 bytes).
    Removing stm32h7xx_hal.o(.text.HAL_EXTI_D3_EventInputConfig), (96 bytes).
    Removing stm32h7xx_hal.o(.ARM.exidx.text.HAL_EXTI_D3_EventInputConfig), (8 bytes).
    Removing stm32h7xx_hal_i2c.o(.text), (0 bytes).
    Removing stm32h7xx_hal_i2c.o(.text.HAL_I2C_Init), (158 bytes).
    Removing stm32h7xx_hal_i2c.o(.ARM.exidx.text.HAL_I2C_Init), (8 bytes).
    Removing stm32h7xx_hal_i2c.o(.text.HAL_I2C_MspInit), (2 bytes).
    Removing stm32h7xx_hal_i2c.o(.ARM.exidx.text.HAL_I2C_MspInit), (8 bytes).
    Removing stm32h7xx_hal_i2c.o(.text.HAL_I2C_DeInit), (52 bytes).
    Removing stm32h7xx_hal_i2c.o(.ARM.exidx.text.HAL_I2C_DeInit), (8 bytes).
    Removing stm32h7xx_hal_i2c.o(.text.HAL_I2C_MspDeInit), (2 bytes).
    Removing stm32h7xx_hal_i2c.o(.ARM.exidx.text.HAL_I2C_MspDeInit), (8 bytes).
    Removing stm32h7xx_hal_i2c.o(.text.HAL_I2C_Master_Transmit), (380 bytes).
    Removing stm32h7xx_hal_i2c.o(.ARM.exidx.text.HAL_I2C_Master_Transmit), (8 bytes).
    Removing stm32h7xx_hal_i2c.o(.text.I2C_WaitOnFlagUntilTimeout), (116 bytes).
    Removing stm32h7xx_hal_i2c.o(.ARM.exidx.text.I2C_WaitOnFlagUntilTimeout), (8 bytes).
    Removing stm32h7xx_hal_i2c.o(.text.I2C_WaitOnTXISFlagUntilTimeout), (88 bytes).
    Removing stm32h7xx_hal_i2c.o(.ARM.exidx.text.I2C_WaitOnTXISFlagUntilTimeout), (8 bytes).
    Removing stm32h7xx_hal_i2c.o(.text.I2C_WaitOnSTOPFlagUntilTimeout), (72 bytes).
    Removing stm32h7xx_hal_i2c.o(.ARM.exidx.text.I2C_WaitOnSTOPFlagUntilTimeout), (8 bytes).
    Removing stm32h7xx_hal_i2c.o(.text.HAL_I2C_Master_Receive), (386 bytes).
    Removing stm32h7xx_hal_i2c.o(.ARM.exidx.text.HAL_I2C_Master_Receive), (8 bytes).
    Removing stm32h7xx_hal_i2c.o(.text.I2C_WaitOnRXNEFlagUntilTimeout), (118 bytes).
    Removing stm32h7xx_hal_i2c.o(.ARM.exidx.text.I2C_WaitOnRXNEFlagUntilTimeout), (8 bytes).
    Removing stm32h7xx_hal_i2c.o(.text.HAL_I2C_Slave_Transmit), (302 bytes).
    Removing stm32h7xx_hal_i2c.o(.ARM.exidx.text.HAL_I2C_Slave_Transmit), (8 bytes).
    Removing stm32h7xx_hal_i2c.o(.text.HAL_I2C_Slave_Receive), (292 bytes).
    Removing stm32h7xx_hal_i2c.o(.ARM.exidx.text.HAL_I2C_Slave_Receive), (8 bytes).
    Removing stm32h7xx_hal_i2c.o(.text.HAL_I2C_Master_Transmit_IT), (178 bytes).
    Removing stm32h7xx_hal_i2c.o(.ARM.exidx.text.HAL_I2C_Master_Transmit_IT), (8 bytes).
    Removing stm32h7xx_hal_i2c.o(.text.I2C_Master_ISR_IT), (346 bytes).
    Removing stm32h7xx_hal_i2c.o(.ARM.exidx.text.I2C_Master_ISR_IT), (8 bytes).
    Removing stm32h7xx_hal_i2c.o(.text.HAL_I2C_Master_Receive_IT), (178 bytes).
    Removing stm32h7xx_hal_i2c.o(.ARM.exidx.text.HAL_I2C_Master_Receive_IT), (8 bytes).
    Removing stm32h7xx_hal_i2c.o(.text.HAL_I2C_Slave_Transmit_IT), (114 bytes).
    Removing stm32h7xx_hal_i2c.o(.ARM.exidx.text.HAL_I2C_Slave_Transmit_IT), (8 bytes).
    Removing stm32h7xx_hal_i2c.o(.text.I2C_Slave_ISR_IT), (272 bytes).
    Removing stm32h7xx_hal_i2c.o(.ARM.exidx.text.I2C_Slave_ISR_IT), (8 bytes).
    Removing stm32h7xx_hal_i2c.o(.text.HAL_I2C_Slave_Receive_IT), (114 bytes).
    Removing stm32h7xx_hal_i2c.o(.ARM.exidx.text.HAL_I2C_Slave_Receive_IT), (8 bytes).
    Removing stm32h7xx_hal_i2c.o(.text.HAL_I2C_Master_Transmit_DMA), (366 bytes).
    Removing stm32h7xx_hal_i2c.o(.ARM.exidx.text.HAL_I2C_Master_Transmit_DMA), (8 bytes).
    Removing stm32h7xx_hal_i2c.o(.text.I2C_Master_ISR_DMA), (324 bytes).
    Removing stm32h7xx_hal_i2c.o(.ARM.exidx.text.I2C_Master_ISR_DMA), (8 bytes).
    Removing stm32h7xx_hal_i2c.o(.text.I2C_DMAMasterTransmitCplt), (144 bytes).
    Removing stm32h7xx_hal_i2c.o(.ARM.exidx.text.I2C_DMAMasterTransmitCplt), (8 bytes).
    Removing stm32h7xx_hal_i2c.o(.text.I2C_DMAError), (70 bytes).
    Removing stm32h7xx_hal_i2c.o(.ARM.exidx.text.I2C_DMAError), (8 bytes).
    Removing stm32h7xx_hal_i2c.o(.text.HAL_I2C_Master_Receive_DMA), (360 bytes).
    Removing stm32h7xx_hal_i2c.o(.ARM.exidx.text.HAL_I2C_Master_Receive_DMA), (8 bytes).
    Removing stm32h7xx_hal_i2c.o(.text.I2C_DMAMasterReceiveCplt), (144 bytes).
    Removing stm32h7xx_hal_i2c.o(.ARM.exidx.text.I2C_DMAMasterReceiveCplt), (8 bytes).
    Removing stm32h7xx_hal_i2c.o(.text.HAL_I2C_Slave_Transmit_DMA), (216 bytes).
    Removing stm32h7xx_hal_i2c.o(.ARM.exidx.text.HAL_I2C_Slave_Transmit_DMA), (8 bytes).
    Removing stm32h7xx_hal_i2c.o(.text.I2C_Slave_ISR_DMA), (284 bytes).
    Removing stm32h7xx_hal_i2c.o(.ARM.exidx.text.I2C_Slave_ISR_DMA), (8 bytes).
    Removing stm32h7xx_hal_i2c.o(.text.I2C_DMASlaveTransmitCplt), (28 bytes).
    Removing stm32h7xx_hal_i2c.o(.ARM.exidx.text.I2C_DMASlaveTransmitCplt), (8 bytes).
    Removing stm32h7xx_hal_i2c.o(.text.HAL_I2C_Slave_Receive_DMA), (216 bytes).
    Removing stm32h7xx_hal_i2c.o(.ARM.exidx.text.HAL_I2C_Slave_Receive_DMA), (8 bytes).
    Removing stm32h7xx_hal_i2c.o(.text.I2C_DMASlaveReceiveCplt), (38 bytes).
    Removing stm32h7xx_hal_i2c.o(.ARM.exidx.text.I2C_DMASlaveReceiveCplt), (8 bytes).
    Removing stm32h7xx_hal_i2c.o(.text.HAL_I2C_Mem_Write), (416 bytes).
    Removing stm32h7xx_hal_i2c.o(.ARM.exidx.text.HAL_I2C_Mem_Write), (8 bytes).
    Removing stm32h7xx_hal_i2c.o(.text.I2C_RequestMemoryWrite), (128 bytes).
    Removing stm32h7xx_hal_i2c.o(.ARM.exidx.text.I2C_RequestMemoryWrite), (8 bytes).
    Removing stm32h7xx_hal_i2c.o(.text.HAL_I2C_Mem_Read), (438 bytes).
    Removing stm32h7xx_hal_i2c.o(.ARM.exidx.text.HAL_I2C_Mem_Read), (8 bytes).
    Removing stm32h7xx_hal_i2c.o(.text.I2C_RequestMemoryRead), (128 bytes).
    Removing stm32h7xx_hal_i2c.o(.ARM.exidx.text.I2C_RequestMemoryRead), (8 bytes).
    Removing stm32h7xx_hal_i2c.o(.text.HAL_I2C_Mem_Write_IT), (258 bytes).
    Removing stm32h7xx_hal_i2c.o(.ARM.exidx.text.HAL_I2C_Mem_Write_IT), (8 bytes).
    Removing stm32h7xx_hal_i2c.o(.text.HAL_I2C_Mem_Read_IT), (266 bytes).
    Removing stm32h7xx_hal_i2c.o(.ARM.exidx.text.HAL_I2C_Mem_Read_IT), (8 bytes).
    Removing stm32h7xx_hal_i2c.o(.text.HAL_I2C_Mem_Write_DMA), (360 bytes).
    Removing stm32h7xx_hal_i2c.o(.ARM.exidx.text.HAL_I2C_Mem_Write_DMA), (8 bytes).
    Removing stm32h7xx_hal_i2c.o(.text.HAL_I2C_Mem_Read_DMA), (366 bytes).
    Removing stm32h7xx_hal_i2c.o(.ARM.exidx.text.HAL_I2C_Mem_Read_DMA), (8 bytes).
    Removing stm32h7xx_hal_i2c.o(.text.HAL_I2C_IsDeviceReady), (280 bytes).
    Removing stm32h7xx_hal_i2c.o(.ARM.exidx.text.HAL_I2C_IsDeviceReady), (8 bytes).
    Removing stm32h7xx_hal_i2c.o(.text.HAL_I2C_Master_Seq_Transmit_IT), (202 bytes).
    Removing stm32h7xx_hal_i2c.o(.ARM.exidx.text.HAL_I2C_Master_Seq_Transmit_IT), (8 bytes).
    Removing stm32h7xx_hal_i2c.o(.text.HAL_I2C_Master_Seq_Transmit_DMA), (410 bytes).
    Removing stm32h7xx_hal_i2c.o(.ARM.exidx.text.HAL_I2C_Master_Seq_Transmit_DMA), (8 bytes).
    Removing stm32h7xx_hal_i2c.o(.text.HAL_I2C_Master_Seq_Receive_IT), (224 bytes).
    Removing stm32h7xx_hal_i2c.o(.ARM.exidx.text.HAL_I2C_Master_Seq_Receive_IT), (8 bytes).
    Removing stm32h7xx_hal_i2c.o(.text.HAL_I2C_Master_Seq_Receive_DMA), (406 bytes).
    Removing stm32h7xx_hal_i2c.o(.ARM.exidx.text.HAL_I2C_Master_Seq_Receive_DMA), (8 bytes).
    Removing stm32h7xx_hal_i2c.o(.text.HAL_I2C_Slave_Seq_Transmit_IT), (216 bytes).
    Removing stm32h7xx_hal_i2c.o(.ARM.exidx.text.HAL_I2C_Slave_Seq_Transmit_IT), (8 bytes).
    Removing stm32h7xx_hal_i2c.o(.text.I2C_DMAAbort), (22 bytes).
    Removing stm32h7xx_hal_i2c.o(.ARM.exidx.text.I2C_DMAAbort), (8 bytes).
    Removing stm32h7xx_hal_i2c.o(.text.HAL_I2C_Slave_Seq_Transmit_DMA), (368 bytes).
    Removing stm32h7xx_hal_i2c.o(.ARM.exidx.text.HAL_I2C_Slave_Seq_Transmit_DMA), (8 bytes).
    Removing stm32h7xx_hal_i2c.o(.text.HAL_I2C_Slave_Seq_Receive_IT), (216 bytes).
    Removing stm32h7xx_hal_i2c.o(.ARM.exidx.text.HAL_I2C_Slave_Seq_Receive_IT), (8 bytes).
    Removing stm32h7xx_hal_i2c.o(.text.HAL_I2C_Slave_Seq_Receive_DMA), (392 bytes).
    Removing stm32h7xx_hal_i2c.o(.ARM.exidx.text.HAL_I2C_Slave_Seq_Receive_DMA), (8 bytes).
    Removing stm32h7xx_hal_i2c.o(.text.HAL_I2C_EnableListen_IT), (42 bytes).
    Removing stm32h7xx_hal_i2c.o(.ARM.exidx.text.HAL_I2C_EnableListen_IT), (8 bytes).
    Removing stm32h7xx_hal_i2c.o(.text.HAL_I2C_DisableListen_IT), (58 bytes).
    Removing stm32h7xx_hal_i2c.o(.ARM.exidx.text.HAL_I2C_DisableListen_IT), (8 bytes).
    Removing stm32h7xx_hal_i2c.o(.text.HAL_I2C_Master_Abort_IT), (202 bytes).
    Removing stm32h7xx_hal_i2c.o(.ARM.exidx.text.HAL_I2C_Master_Abort_IT), (8 bytes).
    Removing stm32h7xx_hal_i2c.o(.text.HAL_I2C_EV_IRQHandler), (14 bytes).
    Removing stm32h7xx_hal_i2c.o(.ARM.exidx.text.HAL_I2C_EV_IRQHandler), (8 bytes).
    Removing stm32h7xx_hal_i2c.o(.text.HAL_I2C_ER_IRQHandler), (96 bytes).
    Removing stm32h7xx_hal_i2c.o(.ARM.exidx.text.HAL_I2C_ER_IRQHandler), (8 bytes).
    Removing stm32h7xx_hal_i2c.o(.text.I2C_ITError), (272 bytes).
    Removing stm32h7xx_hal_i2c.o(.ARM.exidx.text.I2C_ITError), (8 bytes).
    Removing stm32h7xx_hal_i2c.o(.text.HAL_I2C_MasterTxCpltCallback), (2 bytes).
    Removing stm32h7xx_hal_i2c.o(.ARM.exidx.text.HAL_I2C_MasterTxCpltCallback), (8 bytes).
    Removing stm32h7xx_hal_i2c.o(.text.HAL_I2C_MasterRxCpltCallback), (2 bytes).
    Removing stm32h7xx_hal_i2c.o(.ARM.exidx.text.HAL_I2C_MasterRxCpltCallback), (8 bytes).
    Removing stm32h7xx_hal_i2c.o(.text.HAL_I2C_SlaveTxCpltCallback), (2 bytes).
    Removing stm32h7xx_hal_i2c.o(.ARM.exidx.text.HAL_I2C_SlaveTxCpltCallback), (8 bytes).
    Removing stm32h7xx_hal_i2c.o(.text.HAL_I2C_SlaveRxCpltCallback), (2 bytes).
    Removing stm32h7xx_hal_i2c.o(.ARM.exidx.text.HAL_I2C_SlaveRxCpltCallback), (8 bytes).
    Removing stm32h7xx_hal_i2c.o(.text.HAL_I2C_AddrCallback), (2 bytes).
    Removing stm32h7xx_hal_i2c.o(.ARM.exidx.text.HAL_I2C_AddrCallback), (8 bytes).
    Removing stm32h7xx_hal_i2c.o(.text.HAL_I2C_ListenCpltCallback), (2 bytes).
    Removing stm32h7xx_hal_i2c.o(.ARM.exidx.text.HAL_I2C_ListenCpltCallback), (8 bytes).
    Removing stm32h7xx_hal_i2c.o(.text.HAL_I2C_MemTxCpltCallback), (2 bytes).
    Removing stm32h7xx_hal_i2c.o(.ARM.exidx.text.HAL_I2C_MemTxCpltCallback), (8 bytes).
    Removing stm32h7xx_hal_i2c.o(.text.HAL_I2C_MemRxCpltCallback), (2 bytes).
    Removing stm32h7xx_hal_i2c.o(.ARM.exidx.text.HAL_I2C_MemRxCpltCallback), (8 bytes).
    Removing stm32h7xx_hal_i2c.o(.text.HAL_I2C_ErrorCallback), (2 bytes).
    Removing stm32h7xx_hal_i2c.o(.ARM.exidx.text.HAL_I2C_ErrorCallback), (8 bytes).
    Removing stm32h7xx_hal_i2c.o(.text.HAL_I2C_AbortCpltCallback), (2 bytes).
    Removing stm32h7xx_hal_i2c.o(.ARM.exidx.text.HAL_I2C_AbortCpltCallback), (8 bytes).
    Removing stm32h7xx_hal_i2c.o(.text.HAL_I2C_GetState), (6 bytes).
    Removing stm32h7xx_hal_i2c.o(.ARM.exidx.text.HAL_I2C_GetState), (8 bytes).
    Removing stm32h7xx_hal_i2c.o(.text.HAL_I2C_GetMode), (6 bytes).
    Removing stm32h7xx_hal_i2c.o(.ARM.exidx.text.HAL_I2C_GetMode), (8 bytes).
    Removing stm32h7xx_hal_i2c.o(.text.HAL_I2C_GetError), (4 bytes).
    Removing stm32h7xx_hal_i2c.o(.ARM.exidx.text.HAL_I2C_GetError), (8 bytes).
    Removing stm32h7xx_hal_i2c.o(.text.I2C_ITMasterSeqCplt), (110 bytes).
    Removing stm32h7xx_hal_i2c.o(.ARM.exidx.text.I2C_ITMasterSeqCplt), (8 bytes).
    Removing stm32h7xx_hal_i2c.o(.text.I2C_ITMasterCplt), (302 bytes).
    Removing stm32h7xx_hal_i2c.o(.ARM.exidx.text.I2C_ITMasterCplt), (8 bytes).
    Removing stm32h7xx_hal_i2c.o(.text.I2C_ITSlaveCplt), (380 bytes).
    Removing stm32h7xx_hal_i2c.o(.ARM.exidx.text.I2C_ITSlaveCplt), (8 bytes).
    Removing stm32h7xx_hal_i2c.o(.text.I2C_ITListenCplt), (96 bytes).
    Removing stm32h7xx_hal_i2c.o(.ARM.exidx.text.I2C_ITListenCplt), (8 bytes).
    Removing stm32h7xx_hal_i2c.o(.text.I2C_ITSlaveSeqCplt), (146 bytes).
    Removing stm32h7xx_hal_i2c.o(.ARM.exidx.text.I2C_ITSlaveSeqCplt), (8 bytes).
    Removing stm32h7xx_hal_i2c.o(.text.I2C_ITAddrCplt), (142 bytes).
    Removing stm32h7xx_hal_i2c.o(.ARM.exidx.text.I2C_ITAddrCplt), (8 bytes).
    Removing stm32h7xx_hal_i2c.o(.text.I2C_TreatErrorCallback), (38 bytes).
    Removing stm32h7xx_hal_i2c.o(.ARM.exidx.text.I2C_TreatErrorCallback), (8 bytes).
    Removing stm32h7xx_hal_i2c.o(.text.I2C_IsAcknowledgeFailed), (142 bytes).
    Removing stm32h7xx_hal_i2c.o(.ARM.exidx.text.I2C_IsAcknowledgeFailed), (8 bytes).
    Removing stm32h7xx_hal_i2c.o(.rodata..Lswitch.table.I2C_ITSlaveCplt.1), (40 bytes).
    Removing stm32h7xx_hal_i2c_ex.o(.text), (0 bytes).
    Removing stm32h7xx_hal_i2c_ex.o(.text.HAL_I2CEx_ConfigAnalogFilter), (74 bytes).
    Removing stm32h7xx_hal_i2c_ex.o(.ARM.exidx.text.HAL_I2CEx_ConfigAnalogFilter), (8 bytes).
    Removing stm32h7xx_hal_i2c_ex.o(.text.HAL_I2CEx_ConfigDigitalFilter), (72 bytes).
    Removing stm32h7xx_hal_i2c_ex.o(.ARM.exidx.text.HAL_I2CEx_ConfigDigitalFilter), (8 bytes).
    Removing stm32h7xx_hal_i2c_ex.o(.text.HAL_I2CEx_EnableWakeUp), (68 bytes).
    Removing stm32h7xx_hal_i2c_ex.o(.ARM.exidx.text.HAL_I2CEx_EnableWakeUp), (8 bytes).
    Removing stm32h7xx_hal_i2c_ex.o(.text.HAL_I2CEx_DisableWakeUp), (68 bytes).
    Removing stm32h7xx_hal_i2c_ex.o(.ARM.exidx.text.HAL_I2CEx_DisableWakeUp), (8 bytes).
    Removing stm32h7xx_hal_i2c_ex.o(.text.HAL_I2CEx_EnableFastModePlus), (46 bytes).
    Removing stm32h7xx_hal_i2c_ex.o(.ARM.exidx.text.HAL_I2CEx_EnableFastModePlus), (8 bytes).
    Removing stm32h7xx_hal_i2c_ex.o(.text.HAL_I2CEx_DisableFastModePlus), (48 bytes).
    Removing stm32h7xx_hal_i2c_ex.o(.ARM.exidx.text.HAL_I2CEx_DisableFastModePlus), (8 bytes).
    Removing stm32h7xx_hal_exti.o(.text), (0 bytes).
    Removing stm32h7xx_hal_exti.o(.text.HAL_EXTI_SetConfigLine), (308 bytes).
    Removing stm32h7xx_hal_exti.o(.ARM.exidx.text.HAL_EXTI_SetConfigLine), (8 bytes).
    Removing stm32h7xx_hal_exti.o(.text.HAL_EXTI_GetConfigLine), (232 bytes).
    Removing stm32h7xx_hal_exti.o(.ARM.exidx.text.HAL_EXTI_GetConfigLine), (8 bytes).
    Removing stm32h7xx_hal_exti.o(.text.HAL_EXTI_ClearConfigLine), (208 bytes).
    Removing stm32h7xx_hal_exti.o(.ARM.exidx.text.HAL_EXTI_ClearConfigLine), (8 bytes).
    Removing stm32h7xx_hal_exti.o(.text.HAL_EXTI_RegisterCallback), (18 bytes).
    Removing stm32h7xx_hal_exti.o(.ARM.exidx.text.HAL_EXTI_RegisterCallback), (8 bytes).
    Removing stm32h7xx_hal_exti.o(.text.HAL_EXTI_GetHandle), (12 bytes).
    Removing stm32h7xx_hal_exti.o(.ARM.exidx.text.HAL_EXTI_GetHandle), (8 bytes).
    Removing stm32h7xx_hal_exti.o(.text.HAL_EXTI_IRQHandler), (56 bytes).
    Removing stm32h7xx_hal_exti.o(.ARM.exidx.text.HAL_EXTI_IRQHandler), (8 bytes).
    Removing stm32h7xx_hal_exti.o(.text.HAL_EXTI_GetPending), (30 bytes).
    Removing stm32h7xx_hal_exti.o(.ARM.exidx.text.HAL_EXTI_GetPending), (8 bytes).
    Removing stm32h7xx_hal_exti.o(.text.HAL_EXTI_ClearPending), (28 bytes).
    Removing stm32h7xx_hal_exti.o(.ARM.exidx.text.HAL_EXTI_ClearPending), (8 bytes).
    Removing stm32h7xx_hal_exti.o(.text.HAL_EXTI_GenerateSWI), (28 bytes).
    Removing stm32h7xx_hal_exti.o(.ARM.exidx.text.HAL_EXTI_GenerateSWI), (8 bytes).
    Removing stm32h7xx_hal_tim.o(.text), (0 bytes).
    Removing stm32h7xx_hal_tim_ex.o(.text), (0 bytes).
    Removing stm32h7xx_hal_uart.o(.text), (0 bytes).
    Removing stm32h7xx_hal_uart.o(.ARM.exidx.text.HAL_UART_Init), (8 bytes).
    Removing stm32h7xx_hal_uart.o(.text.HAL_UART_MspInit), (2 bytes).
    Removing stm32h7xx_hal_uart.o(.ARM.exidx.text.HAL_UART_MspInit), (8 bytes).
    Removing stm32h7xx_hal_uart.o(.ARM.exidx.text.UART_SetConfig), (8 bytes).
    Removing stm32h7xx_hal_uart.o(.ARM.exidx.text.UART_AdvFeatureConfig), (8 bytes).
    Removing stm32h7xx_hal_uart.o(.ARM.exidx.text.UART_CheckIdleState), (8 bytes).
    Removing stm32h7xx_hal_uart.o(.text.HAL_HalfDuplex_Init), (108 bytes).
    Removing stm32h7xx_hal_uart.o(.ARM.exidx.text.HAL_HalfDuplex_Init), (8 bytes).
    Removing stm32h7xx_hal_uart.o(.text.HAL_LIN_Init), (132 bytes).
    Removing stm32h7xx_hal_uart.o(.ARM.exidx.text.HAL_LIN_Init), (8 bytes).
    Removing stm32h7xx_hal_uart.o(.text.HAL_MultiProcessor_Init), (132 bytes).
    Removing stm32h7xx_hal_uart.o(.ARM.exidx.text.HAL_MultiProcessor_Init), (8 bytes).
    Removing stm32h7xx_hal_uart.o(.text.HAL_UART_DeInit), (60 bytes).
    Removing stm32h7xx_hal_uart.o(.ARM.exidx.text.HAL_UART_DeInit), (8 bytes).
    Removing stm32h7xx_hal_uart.o(.text.HAL_UART_MspDeInit), (2 bytes).
    Removing stm32h7xx_hal_uart.o(.ARM.exidx.text.HAL_UART_MspDeInit), (8 bytes).
    Removing stm32h7xx_hal_uart.o(.text.HAL_UART_Transmit), (200 bytes).
    Removing stm32h7xx_hal_uart.o(.ARM.exidx.text.HAL_UART_Transmit), (8 bytes).
    Removing stm32h7xx_hal_uart.o(.ARM.exidx.text.UART_WaitOnFlagUntilTimeout), (8 bytes).
    Removing stm32h7xx_hal_uart.o(.text.HAL_UART_Receive), (230 bytes).
    Removing stm32h7xx_hal_uart.o(.ARM.exidx.text.HAL_UART_Receive), (8 bytes).
    Removing stm32h7xx_hal_uart.o(.text.HAL_UART_Transmit_IT), (166 bytes).
    Removing stm32h7xx_hal_uart.o(.ARM.exidx.text.HAL_UART_Transmit_IT), (8 bytes).
    Removing stm32h7xx_hal_uart.o(.text.UART_TxISR_16BIT_FIFOEN), (98 bytes).
    Removing stm32h7xx_hal_uart.o(.ARM.exidx.text.UART_TxISR_16BIT_FIFOEN), (8 bytes).
    Removing stm32h7xx_hal_uart.o(.text.UART_TxISR_8BIT_FIFOEN), (94 bytes).
    Removing stm32h7xx_hal_uart.o(.ARM.exidx.text.UART_TxISR_8BIT_FIFOEN), (8 bytes).
    Removing stm32h7xx_hal_uart.o(.text.UART_TxISR_16BIT), (64 bytes).
    Removing stm32h7xx_hal_uart.o(.ARM.exidx.text.UART_TxISR_16BIT), (8 bytes).
    Removing stm32h7xx_hal_uart.o(.text.UART_TxISR_8BIT), (60 bytes).
    Removing stm32h7xx_hal_uart.o(.ARM.exidx.text.UART_TxISR_8BIT), (8 bytes).
    Removing stm32h7xx_hal_uart.o(.text.HAL_UART_Receive_IT), (266 bytes).
    Removing stm32h7xx_hal_uart.o(.ARM.exidx.text.HAL_UART_Receive_IT), (8 bytes).
    Removing stm32h7xx_hal_uart.o(.text.UART_RxISR_16BIT_FIFOEN), (164 bytes).
    Removing stm32h7xx_hal_uart.o(.ARM.exidx.text.UART_RxISR_16BIT_FIFOEN), (8 bytes).
    Removing stm32h7xx_hal_uart.o(.text.UART_RxISR_8BIT_FIFOEN), (168 bytes).
    Removing stm32h7xx_hal_uart.o(.ARM.exidx.text.UART_RxISR_8BIT_FIFOEN), (8 bytes).
    Removing stm32h7xx_hal_uart.o(.text.UART_RxISR_16BIT), (90 bytes).
    Removing stm32h7xx_hal_uart.o(.ARM.exidx.text.UART_RxISR_16BIT), (8 bytes).
    Removing stm32h7xx_hal_uart.o(.text.UART_RxISR_8BIT), (90 bytes).
    Removing stm32h7xx_hal_uart.o(.ARM.exidx.text.UART_RxISR_8BIT), (8 bytes).
    Removing stm32h7xx_hal_uart.o(.ARM.exidx.text.HAL_UART_Transmit_DMA), (8 bytes).
    Removing stm32h7xx_hal_uart.o(.ARM.exidx.text.UART_DMATransmitCplt), (8 bytes).
    Removing stm32h7xx_hal_uart.o(.ARM.exidx.text.UART_DMATxHalfCplt), (8 bytes).
    Removing stm32h7xx_hal_uart.o(.ARM.exidx.text.UART_DMAError), (8 bytes).
    Removing stm32h7xx_hal_uart.o(.ARM.exidx.text.HAL_UART_Receive_DMA), (8 bytes).
    Removing stm32h7xx_hal_uart.o(.ARM.exidx.text.UART_DMAReceiveCplt), (8 bytes).
    Removing stm32h7xx_hal_uart.o(.ARM.exidx.text.UART_DMARxHalfCplt), (8 bytes).
    Removing stm32h7xx_hal_uart.o(.text.HAL_UART_DMAPause), (94 bytes).
    Removing stm32h7xx_hal_uart.o(.ARM.exidx.text.HAL_UART_DMAPause), (8 bytes).
    Removing stm32h7xx_hal_uart.o(.text.HAL_UART_DMAResume), (84 bytes).
    Removing stm32h7xx_hal_uart.o(.ARM.exidx.text.HAL_UART_DMAResume), (8 bytes).
    Removing stm32h7xx_hal_uart.o(.ARM.exidx.text.HAL_UART_DMAStop), (8 bytes).
    Removing stm32h7xx_hal_uart.o(.text.HAL_UART_Abort), (172 bytes).
    Removing stm32h7xx_hal_uart.o(.ARM.exidx.text.HAL_UART_Abort), (8 bytes).
    Removing stm32h7xx_hal_uart.o(.text.HAL_UART_AbortTransmit), (104 bytes).
    Removing stm32h7xx_hal_uart.o(.ARM.exidx.text.HAL_UART_AbortTransmit), (8 bytes).
    Removing stm32h7xx_hal_uart.o(.text.HAL_UART_AbortReceive), (104 bytes).
    Removing stm32h7xx_hal_uart.o(.ARM.exidx.text.HAL_UART_AbortReceive), (8 bytes).
    Removing stm32h7xx_hal_uart.o(.text.HAL_UART_Abort_IT), (212 bytes).
    Removing stm32h7xx_hal_uart.o(.ARM.exidx.text.HAL_UART_Abort_IT), (8 bytes).
    Removing stm32h7xx_hal_uart.o(.text.UART_DMATxAbortCallback), (66 bytes).
    Removing stm32h7xx_hal_uart.o(.ARM.exidx.text.UART_DMATxAbortCallback), (8 bytes).
    Removing stm32h7xx_hal_uart.o(.text.UART_DMARxAbortCallback), (58 bytes).
    Removing stm32h7xx_hal_uart.o(.ARM.exidx.text.UART_DMARxAbortCallback), (8 bytes).
    Removing stm32h7xx_hal_uart.o(.text.HAL_UART_AbortCpltCallback), (2 bytes).
    Removing stm32h7xx_hal_uart.o(.ARM.exidx.text.HAL_UART_AbortCpltCallback), (8 bytes).
    Removing stm32h7xx_hal_uart.o(.text.HAL_UART_AbortTransmit_IT), (114 bytes).
    Removing stm32h7xx_hal_uart.o(.ARM.exidx.text.HAL_UART_AbortTransmit_IT), (8 bytes).
    Removing stm32h7xx_hal_uart.o(.text.UART_DMATxOnlyAbortCallback), (36 bytes).
    Removing stm32h7xx_hal_uart.o(.ARM.exidx.text.UART_DMATxOnlyAbortCallback), (8 bytes).
    Removing stm32h7xx_hal_uart.o(.text.HAL_UART_AbortTransmitCpltCallback), (2 bytes).
    Removing stm32h7xx_hal_uart.o(.ARM.exidx.text.HAL_UART_AbortTransmitCpltCallback), (8 bytes).
    Removing stm32h7xx_hal_uart.o(.text.HAL_UART_AbortReceive_IT), (120 bytes).
    Removing stm32h7xx_hal_uart.o(.ARM.exidx.text.HAL_UART_AbortReceive_IT), (8 bytes).
    Removing stm32h7xx_hal_uart.o(.text.UART_DMARxOnlyAbortCallback), (32 bytes).
    Removing stm32h7xx_hal_uart.o(.ARM.exidx.text.UART_DMARxOnlyAbortCallback), (8 bytes).
    Removing stm32h7xx_hal_uart.o(.text.HAL_UART_AbortReceiveCpltCallback), (2 bytes).
    Removing stm32h7xx_hal_uart.o(.ARM.exidx.text.HAL_UART_AbortReceiveCpltCallback), (8 bytes).
    Removing stm32h7xx_hal_uart.o(.ARM.exidx.text.HAL_UART_IRQHandler), (8 bytes).
    Removing stm32h7xx_hal_uart.o(.ARM.exidx.text.UART_DMAAbortOnError), (8 bytes).
    Removing stm32h7xx_hal_uart.o(.ARM.exidx.text.HAL_UART_ErrorCallback), (8 bytes).
    Removing stm32h7xx_hal_uart.o(.ARM.exidx.text.HAL_UART_TxCpltCallback), (8 bytes).
    Removing stm32h7xx_hal_uart.o(.ARM.exidx.text.HAL_UART_TxHalfCpltCallback), (8 bytes).
    Removing stm32h7xx_hal_uart.o(.ARM.exidx.text.HAL_UART_RxCpltCallback), (8 bytes).
    Removing stm32h7xx_hal_uart.o(.ARM.exidx.text.HAL_UART_RxHalfCpltCallback), (8 bytes).
    Removing stm32h7xx_hal_uart.o(.text.HAL_UART_ReceiverTimeout_Config), (28 bytes).
    Removing stm32h7xx_hal_uart.o(.ARM.exidx.text.HAL_UART_ReceiverTimeout_Config), (8 bytes).
    Removing stm32h7xx_hal_uart.o(.text.HAL_UART_EnableReceiverTimeout), (68 bytes).
    Removing stm32h7xx_hal_uart.o(.ARM.exidx.text.HAL_UART_EnableReceiverTimeout), (8 bytes).
    Removing stm32h7xx_hal_uart.o(.text.HAL_UART_DisableReceiverTimeout), (68 bytes).
    Removing stm32h7xx_hal_uart.o(.ARM.exidx.text.HAL_UART_DisableReceiverTimeout), (8 bytes).
    Removing stm32h7xx_hal_uart.o(.text.HAL_MultiProcessor_EnableMuteMode), (44 bytes).
    Removing stm32h7xx_hal_uart.o(.ARM.exidx.text.HAL_MultiProcessor_EnableMuteMode), (8 bytes).
    Removing stm32h7xx_hal_uart.o(.text.HAL_MultiProcessor_DisableMuteMode), (44 bytes).
    Removing stm32h7xx_hal_uart.o(.ARM.exidx.text.HAL_MultiProcessor_DisableMuteMode), (8 bytes).
    Removing stm32h7xx_hal_uart.o(.text.HAL_MultiProcessor_EnterMuteMode), (12 bytes).
    Removing stm32h7xx_hal_uart.o(.ARM.exidx.text.HAL_MultiProcessor_EnterMuteMode), (8 bytes).
    Removing stm32h7xx_hal_uart.o(.text.HAL_HalfDuplex_EnableTransmitter), (52 bytes).
    Removing stm32h7xx_hal_uart.o(.ARM.exidx.text.HAL_HalfDuplex_EnableTransmitter), (8 bytes).
    Removing stm32h7xx_hal_uart.o(.text.HAL_HalfDuplex_EnableReceiver), (52 bytes).
    Removing stm32h7xx_hal_uart.o(.ARM.exidx.text.HAL_HalfDuplex_EnableReceiver), (8 bytes).
    Removing stm32h7xx_hal_uart.o(.text.HAL_LIN_SendBreak), (44 bytes).
    Removing stm32h7xx_hal_uart.o(.ARM.exidx.text.HAL_LIN_SendBreak), (8 bytes).
    Removing stm32h7xx_hal_uart.o(.text.HAL_UART_GetState), (12 bytes).
    Removing stm32h7xx_hal_uart.o(.ARM.exidx.text.HAL_UART_GetState), (8 bytes).
    Removing stm32h7xx_hal_uart.o(.text.HAL_UART_GetError), (6 bytes).
    Removing stm32h7xx_hal_uart.o(.ARM.exidx.text.HAL_UART_GetError), (8 bytes).
    Removing stm32h7xx_hal_uart_ex.o(.text), (0 bytes).
    Removing stm32h7xx_hal_uart_ex.o(.text.HAL_RS485Ex_Init), (130 bytes).
    Removing stm32h7xx_hal_uart_ex.o(.ARM.exidx.text.HAL_RS485Ex_Init), (8 bytes).
    Removing stm32h7xx_hal_uart_ex.o(.ARM.exidx.text.HAL_UARTEx_WakeupCallback), (8 bytes).
    Removing stm32h7xx_hal_uart_ex.o(.ARM.exidx.text.HAL_UARTEx_RxFifoFullCallback), (8 bytes).
    Removing stm32h7xx_hal_uart_ex.o(.ARM.exidx.text.HAL_UARTEx_TxFifoEmptyCallback), (8 bytes).
    Removing stm32h7xx_hal_uart_ex.o(.text.HAL_MultiProcessorEx_AddressLength_Set), (44 bytes).
    Removing stm32h7xx_hal_uart_ex.o(.ARM.exidx.text.HAL_MultiProcessorEx_AddressLength_Set), (8 bytes).
    Removing stm32h7xx_hal_uart_ex.o(.text.HAL_UARTEx_StopModeWakeUpSourceConfig), (136 bytes).
    Removing stm32h7xx_hal_uart_ex.o(.ARM.exidx.text.HAL_UARTEx_StopModeWakeUpSourceConfig), (8 bytes).
    Removing stm32h7xx_hal_uart_ex.o(.text.HAL_UARTEx_EnableStopMode), (32 bytes).
    Removing stm32h7xx_hal_uart_ex.o(.ARM.exidx.text.HAL_UARTEx_EnableStopMode), (8 bytes).
    Removing stm32h7xx_hal_uart_ex.o(.text.HAL_UARTEx_DisableStopMode), (32 bytes).
    Removing stm32h7xx_hal_uart_ex.o(.ARM.exidx.text.HAL_UARTEx_DisableStopMode), (8 bytes).
    Removing stm32h7xx_hal_uart_ex.o(.text.HAL_UARTEx_EnableFifoMode), (72 bytes).
    Removing stm32h7xx_hal_uart_ex.o(.ARM.exidx.text.HAL_UARTEx_EnableFifoMode), (8 bytes).
    Removing stm32h7xx_hal_uart_ex.o(.ARM.exidx.text.UARTEx_SetNbDataToProcess), (8 bytes).
    Removing stm32h7xx_hal_uart_ex.o(.ARM.exidx.text.HAL_UARTEx_DisableFifoMode), (8 bytes).
    Removing stm32h7xx_hal_uart_ex.o(.ARM.exidx.text.HAL_UARTEx_SetTxFifoThreshold), (8 bytes).
    Removing stm32h7xx_hal_uart_ex.o(.ARM.exidx.text.HAL_UARTEx_SetRxFifoThreshold), (8 bytes).
    Removing system_stm32h7xx.o(.text), (0 bytes).
    Removing system_stm32h7xx.o(.ARM.exidx.text.SystemInit), (8 bytes).
    Removing system_stm32h7xx.o(.text.SystemCoreClockUpdate), (296 bytes).
    Removing system_stm32h7xx.o(.ARM.exidx.text.SystemCoreClockUpdate), (8 bytes).
    Removing my_uart.o(.text), (0 bytes).
    Removing my_uart.o(.text.fputc), (36 bytes).
    Removing my_uart.o(.ARM.exidx.text.fputc), (8 bytes).
    Removing my_uart.o(.text.__io_putchar), (30 bytes).
    Removing my_uart.o(.ARM.exidx.text.__io_putchar), (8 bytes).
    Removing my_uart.o(.ARM.exidx.text.UsartReceive_IDLE), (8 bytes).

857 unused section(s) (total 42126 bytes) removed from the image.

==============================================================================

Image Symbol Table

    Local Symbols

    Symbol Name                              Value     Ov Type        Size  Object(Section)

    ../clib/../cmprslib/zerorunl.c           0x00000000   Number         0  __dczerorl.o ABSOLUTE
    ../clib/microlib/division.c              0x00000000   Number         0  uldiv.o ABSOLUTE
    ../clib/microlib/init/entry.s            0x00000000   Number         0  entry.o ABSOLUTE
    ../clib/microlib/init/entry.s            0x00000000   Number         0  entry2.o ABSOLUTE
    ../clib/microlib/init/entry.s            0x00000000   Number         0  entry5.o ABSOLUTE
    ../clib/microlib/init/entry.s            0x00000000   Number         0  entry7a.o ABSOLUTE
    ../clib/microlib/init/entry.s            0x00000000   Number         0  entry7b.o ABSOLUTE
    ../clib/microlib/init/entry.s            0x00000000   Number         0  entry8a.o ABSOLUTE
    ../clib/microlib/init/entry.s            0x00000000   Number         0  entry8b.o ABSOLUTE
    ../clib/microlib/init/entry.s            0x00000000   Number         0  entry9a.o ABSOLUTE
    ../clib/microlib/init/entry.s            0x00000000   Number         0  entry9b.o ABSOLUTE
    ../clib/microlib/init/entry.s            0x00000000   Number         0  entry10a.o ABSOLUTE
    ../clib/microlib/init/entry.s            0x00000000   Number         0  entry10b.o ABSOLUTE
    ../clib/microlib/init/entry.s            0x00000000   Number         0  entry11a.o ABSOLUTE
    ../clib/microlib/init/entry.s            0x00000000   Number         0  entry11b.o ABSOLUTE
    ../clib/microlib/longlong.c              0x00000000   Number         0  llshl.o ABSOLUTE
    ../clib/microlib/longlong.c              0x00000000   Number         0  llushr.o ABSOLUTE
    ../clib/microlib/string/memset.c         0x00000000   Number         0  memseta.o ABSOLUTE
    My_Uart.c                                0x00000000   Number         0  my_uart.o ABSOLUTE
    dc.s                                     0x00000000   Number         0  dc.o ABSOLUTE
    debug.c                                  0x00000000   Number         0  debug.o ABSOLUTE
    dma.c                                    0x00000000   Number         0  dma.o ABSOLUTE
    gpio.c                                   0x00000000   Number         0  gpio.o ABSOLUTE
    handlers.s                               0x00000000   Number         0  handlers.o ABSOLUTE
    init.s                                   0x00000000   Number         0  init.o ABSOLUTE
    main.c                                   0x00000000   Number         0  main.o ABSOLUTE
    startup_stm32h743xx.s                    0x00000000   Number         0  startup_stm32h743xx.o ABSOLUTE
    stm32h7xx_hal.c                          0x00000000   Number         0  stm32h7xx_hal.o ABSOLUTE
    stm32h7xx_hal_cortex.c                   0x00000000   Number         0  stm32h7xx_hal_cortex.o ABSOLUTE
    stm32h7xx_hal_dma.c                      0x00000000   Number         0  stm32h7xx_hal_dma.o ABSOLUTE
    stm32h7xx_hal_dma_ex.c                   0x00000000   Number         0  stm32h7xx_hal_dma_ex.o ABSOLUTE
    stm32h7xx_hal_exti.c                     0x00000000   Number         0  stm32h7xx_hal_exti.o ABSOLUTE
    stm32h7xx_hal_flash.c                    0x00000000   Number         0  stm32h7xx_hal_flash.o ABSOLUTE
    stm32h7xx_hal_flash_ex.c                 0x00000000   Number         0  stm32h7xx_hal_flash_ex.o ABSOLUTE
    stm32h7xx_hal_gpio.c                     0x00000000   Number         0  stm32h7xx_hal_gpio.o ABSOLUTE
    stm32h7xx_hal_hsem.c                     0x00000000   Number         0  stm32h7xx_hal_hsem.o ABSOLUTE
    stm32h7xx_hal_i2c.c                      0x00000000   Number         0  stm32h7xx_hal_i2c.o ABSOLUTE
    stm32h7xx_hal_i2c_ex.c                   0x00000000   Number         0  stm32h7xx_hal_i2c_ex.o ABSOLUTE
    stm32h7xx_hal_mdma.c                     0x00000000   Number         0  stm32h7xx_hal_mdma.o ABSOLUTE
    stm32h7xx_hal_msp.c                      0x00000000   Number         0  stm32h7xx_hal_msp.o ABSOLUTE
    stm32h7xx_hal_pwr.c                      0x00000000   Number         0  stm32h7xx_hal_pwr.o ABSOLUTE
    stm32h7xx_hal_pwr_ex.c                   0x00000000   Number         0  stm32h7xx_hal_pwr_ex.o ABSOLUTE
    stm32h7xx_hal_rcc.c                      0x00000000   Number         0  stm32h7xx_hal_rcc.o ABSOLUTE
    stm32h7xx_hal_rcc_ex.c                   0x00000000   Number         0  stm32h7xx_hal_rcc_ex.o ABSOLUTE
    stm32h7xx_hal_tim.c                      0x00000000   Number         0  stm32h7xx_hal_tim.o ABSOLUTE
    stm32h7xx_hal_tim_ex.c                   0x00000000   Number         0  stm32h7xx_hal_tim_ex.o ABSOLUTE
    stm32h7xx_hal_uart.c                     0x00000000   Number         0  stm32h7xx_hal_uart.o ABSOLUTE
    stm32h7xx_hal_uart_ex.c                  0x00000000   Number         0  stm32h7xx_hal_uart_ex.o ABSOLUTE
    stm32h7xx_it.c                           0x00000000   Number         0  stm32h7xx_it.o ABSOLUTE
    system_stm32h7xx.c                       0x00000000   Number         0  system_stm32h7xx.o ABSOLUTE
    usart.c                                  0x00000000   Number         0  usart.o ABSOLUTE
    RESET                                    0x08000000   Section      664  startup_stm32h743xx.o(RESET)
    .ARM.Collect$$$$00000000                 0x08000298   Section        0  entry.o(.ARM.Collect$$$$00000000)
    .ARM.Collect$$$$00000001                 0x08000298   Section        4  entry2.o(.ARM.Collect$$$$00000001)
    .ARM.Collect$$$$00000004                 0x0800029c   Section        4  entry5.o(.ARM.Collect$$$$00000004)
    .ARM.Collect$$$$00000008                 0x080002a0   Section        0  entry7b.o(.ARM.Collect$$$$00000008)
    .ARM.Collect$$$$0000000A                 0x080002a0   Section        0  entry8b.o(.ARM.Collect$$$$0000000A)
    .ARM.Collect$$$$0000000B                 0x080002a0   Section        8  entry9a.o(.ARM.Collect$$$$0000000B)
    __lit__00000000                          0x080002a8   Data           4  entry2.o(.ARM.Collect$$$$00002712)
    .ARM.Collect$$$$0000000D                 0x080002a8   Section        0  entry10a.o(.ARM.Collect$$$$0000000D)
    .ARM.Collect$$$$0000000F                 0x080002a8   Section        0  entry11a.o(.ARM.Collect$$$$0000000F)
    .ARM.Collect$$$$00002712                 0x080002a8   Section        4  entry2.o(.ARM.Collect$$$$00002712)
    $v0                                      0x080002ac   Number         0  startup_stm32h743xx.o(.text)
    .text                                    0x080002ac   Section       36  startup_stm32h743xx.o(.text)
    .text                                    0x080002d0   Section        0  uldiv.o(.text)
    .text                                    0x08000332   Section        0  memseta.o(.text)
    .text                                    0x08000356   Section        0  llshl.o(.text)
    .text                                    0x08000374   Section        0  llushr.o(.text)
    .text                                    0x08000394   Section       36  init.o(.text)
    .text                                    0x080003b8   Section        0  __dczerorl.o(.text)
    [Anonymous Symbol]                       0x080003f4   Section        0  stm32h7xx_it.o(.text.BusFault_Handler)
    [Anonymous Symbol]                       0x080003f6   Section        0  stm32h7xx_it.o(.text.DMA1_Stream0_IRQHandler)
    [Anonymous Symbol]                       0x08000402   Section        0  stm32h7xx_it.o(.text.DMA1_Stream1_IRQHandler)
    DMA_CalcBaseAndBitshift                  0x08000411   Thumb Code   280  stm32h7xx_hal_dma.o(.text.DMA_CalcBaseAndBitshift)
    [Anonymous Symbol]                       0x08000410   Section        0  stm32h7xx_hal_dma.o(.text.DMA_CalcBaseAndBitshift)
    DMA_CalcBaseAndBitshift.flagBitshiftOffset 0x08000520   Number         0  stm32h7xx_hal_dma.o(.text.DMA_CalcBaseAndBitshift)
    DMA_CalcDMAMUXChannelBaseAndMask         0x08000529   Thumb Code   224  stm32h7xx_hal_dma.o(.text.DMA_CalcDMAMUXChannelBaseAndMask)
    [Anonymous Symbol]                       0x08000528   Section        0  stm32h7xx_hal_dma.o(.text.DMA_CalcDMAMUXChannelBaseAndMask)
    DMA_CalcDMAMUXRequestGenBaseAndMask      0x08000609   Thumb Code   164  stm32h7xx_hal_dma.o(.text.DMA_CalcDMAMUXRequestGenBaseAndMask)
    [Anonymous Symbol]                       0x08000608   Section        0  stm32h7xx_hal_dma.o(.text.DMA_CalcDMAMUXRequestGenBaseAndMask)
    DMA_SetConfig                            0x080006ad   Thumb Code   732  stm32h7xx_hal_dma.o(.text.DMA_SetConfig)
    [Anonymous Symbol]                       0x080006ac   Section        0  stm32h7xx_hal_dma.o(.text.DMA_SetConfig)
    [Anonymous Symbol]                       0x08000988   Section        0  stm32h7xx_it.o(.text.DebugMon_Handler)
    [Anonymous Symbol]                       0x0800098a   Section        0  main.o(.text.Error_Handler)
    [Anonymous Symbol]                       0x0800098c   Section        0  stm32h7xx_hal_dma.o(.text.HAL_DMA_Abort)
    [Anonymous Symbol]                       0x08000f34   Section        0  stm32h7xx_hal_dma.o(.text.HAL_DMA_Abort_IT)
    [Anonymous Symbol]                       0x080011ca   Section        0  stm32h7xx_hal_dma.o(.text.HAL_DMA_GetError)
    [Anonymous Symbol]                       0x080011d0   Section        0  stm32h7xx_hal_dma.o(.text.HAL_DMA_IRQHandler)
    [Anonymous Symbol]                       0x0800194c   Section        0  stm32h7xx_hal_dma.o(.text.HAL_DMA_Init)
    [Anonymous Symbol]                       0x08001dd4   Section        0  stm32h7xx_hal_dma.o(.text.HAL_DMA_Start_IT)
    [Anonymous Symbol]                       0x08002154   Section        0  stm32h7xx_hal_gpio.o(.text.HAL_GPIO_Init)
    [Anonymous Symbol]                       0x0800232c   Section        0  stm32h7xx_hal.o(.text.HAL_GetREVID)
    [Anonymous Symbol]                       0x0800233a   Section        0  stm32h7xx_hal.o(.text.HAL_GetTick)
    [Anonymous Symbol]                       0x08002346   Section        0  stm32h7xx_hal.o(.text.HAL_IncTick)
    [Anonymous Symbol]                       0x08002360   Section        0  stm32h7xx_hal.o(.text.HAL_Init)
    [Anonymous Symbol]                       0x080023c2   Section        0  stm32h7xx_hal.o(.text.HAL_InitTick)
    [Anonymous Symbol]                       0x08002416   Section        0  stm32h7xx_hal_msp.o(.text.HAL_MspInit)
    [Anonymous Symbol]                       0x08002436   Section        0  stm32h7xx_hal_cortex.o(.text.HAL_NVIC_EnableIRQ)
    [Anonymous Symbol]                       0x08002454   Section        0  stm32h7xx_hal_cortex.o(.text.HAL_NVIC_SetPriority)
    [Anonymous Symbol]                       0x080024ac   Section        0  stm32h7xx_hal_cortex.o(.text.HAL_NVIC_SetPriorityGrouping)
    [Anonymous Symbol]                       0x080024cc   Section        0  stm32h7xx_hal_pwr_ex.o(.text.HAL_PWREx_ConfigSupply)
    [Anonymous Symbol]                       0x08002514   Section        0  stm32h7xx_hal_rcc_ex.o(.text.HAL_RCCEx_GetD3PCLK1Freq)
    [Anonymous Symbol]                       0x0800253c   Section        0  stm32h7xx_hal_rcc_ex.o(.text.HAL_RCCEx_GetPLL2ClockFreq)
    [Anonymous Symbol]                       0x08002660   Section        0  stm32h7xx_hal_rcc_ex.o(.text.HAL_RCCEx_GetPLL3ClockFreq)
    [Anonymous Symbol]                       0x08002784   Section        0  stm32h7xx_hal_rcc_ex.o(.text.HAL_RCCEx_PeriphCLKConfig)
    [Anonymous Symbol]                       0x08003008   Section        0  stm32h7xx_hal_rcc.o(.text.HAL_RCC_ClockConfig)
    [Anonymous Symbol]                       0x0800324e   Section        0  stm32h7xx_hal_rcc.o(.text.HAL_RCC_GetHCLKFreq)
    [Anonymous Symbol]                       0x0800329a   Section        0  stm32h7xx_hal_rcc.o(.text.HAL_RCC_GetPCLK1Freq)
    [Anonymous Symbol]                       0x080032c0   Section        0  stm32h7xx_hal_rcc.o(.text.HAL_RCC_GetPCLK2Freq)
    [Anonymous Symbol]                       0x080032e8   Section        0  stm32h7xx_hal_rcc.o(.text.HAL_RCC_GetSysClockFreq)
    [Anonymous Symbol]                       0x080033f0   Section        0  stm32h7xx_hal_rcc.o(.text.HAL_RCC_OscConfig)
    [Anonymous Symbol]                       0x0800389c   Section        0  stm32h7xx_hal_cortex.o(.text.HAL_SYSTICK_Config)
    [Anonymous Symbol]                       0x080038c8   Section        0  stm32h7xx_hal_uart_ex.o(.text.HAL_UARTEx_DisableFifoMode)
    [Anonymous Symbol]                       0x080038fe   Section        0  stm32h7xx_hal_uart_ex.o(.text.HAL_UARTEx_RxFifoFullCallback)
    [Anonymous Symbol]                       0x08003900   Section        0  stm32h7xx_hal_uart_ex.o(.text.HAL_UARTEx_SetRxFifoThreshold)
    [Anonymous Symbol]                       0x0800394a   Section        0  stm32h7xx_hal_uart_ex.o(.text.HAL_UARTEx_SetTxFifoThreshold)
    [Anonymous Symbol]                       0x08003994   Section        0  stm32h7xx_hal_uart_ex.o(.text.HAL_UARTEx_TxFifoEmptyCallback)
    [Anonymous Symbol]                       0x08003996   Section        0  stm32h7xx_hal_uart_ex.o(.text.HAL_UARTEx_WakeupCallback)
    [Anonymous Symbol]                       0x08003998   Section        0  stm32h7xx_hal_uart.o(.text.HAL_UART_DMAStop)
    [Anonymous Symbol]                       0x08003a42   Section        0  stm32h7xx_hal_uart.o(.text.HAL_UART_ErrorCallback)
    [Anonymous Symbol]                       0x08003a44   Section        0  stm32h7xx_hal_uart.o(.text.HAL_UART_IRQHandler)
    [Anonymous Symbol]                       0x08003c3e   Section        0  stm32h7xx_hal_uart.o(.text.HAL_UART_Init)
    [Anonymous Symbol]                       0x08003ca2   Section        0  usart.o(.text.HAL_UART_MspInit)
    [Anonymous Symbol]                       0x08003d94   Section        0  stm32h7xx_hal_uart.o(.text.HAL_UART_Receive_DMA)
    [Anonymous Symbol]                       0x08003e32   Section        0  stm32h7xx_hal_uart.o(.text.HAL_UART_RxCpltCallback)
    [Anonymous Symbol]                       0x08003e34   Section        0  stm32h7xx_hal_uart.o(.text.HAL_UART_RxHalfCpltCallback)
    [Anonymous Symbol]                       0x08003e36   Section        0  stm32h7xx_hal_uart.o(.text.HAL_UART_Transmit_DMA)
    [Anonymous Symbol]                       0x08003eca   Section        0  stm32h7xx_hal_uart.o(.text.HAL_UART_TxCpltCallback)
    [Anonymous Symbol]                       0x08003ecc   Section        0  stm32h7xx_hal_uart.o(.text.HAL_UART_TxHalfCpltCallback)
    [Anonymous Symbol]                       0x08003ed0   Section        0  stm32h7xx_it.o(.text.HardFault_Handler)
    [Anonymous Symbol]                       0x08003ed2   Section        0  dma.o(.text.MX_DMA_Init)
    [Anonymous Symbol]                       0x08003f16   Section        0  gpio.o(.text.MX_GPIO_Init)
    [Anonymous Symbol]                       0x08003f5a   Section        0  usart.o(.text.MX_USART1_UART_Init)
    [Anonymous Symbol]                       0x08003fd8   Section        0  stm32h7xx_it.o(.text.MemManage_Handler)
    [Anonymous Symbol]                       0x08003fda   Section        0  stm32h7xx_it.o(.text.NMI_Handler)
    [Anonymous Symbol]                       0x08003fdc   Section        0  stm32h7xx_it.o(.text.PendSV_Handler)
    RCCEx_PLL2_Config                        0x08003fe1   Thumb Code   262  stm32h7xx_hal_rcc_ex.o(.text.RCCEx_PLL2_Config)
    [Anonymous Symbol]                       0x08003fe0   Section        0  stm32h7xx_hal_rcc_ex.o(.text.RCCEx_PLL2_Config)
    RCCEx_PLL3_Config                        0x080040e9   Thumb Code   262  stm32h7xx_hal_rcc_ex.o(.text.RCCEx_PLL3_Config)
    [Anonymous Symbol]                       0x080040e8   Section        0  stm32h7xx_hal_rcc_ex.o(.text.RCCEx_PLL3_Config)
    [Anonymous Symbol]                       0x080041ee   Section        0  stm32h7xx_it.o(.text.SVC_Handler)
    [Anonymous Symbol]                       0x080041f0   Section        0  stm32h7xx_it.o(.text.SysTick_Handler)
    [Anonymous Symbol]                       0x080041f4   Section        0  main.o(.text.SystemClock_Config)
    [Anonymous Symbol]                       0x080042b0   Section        0  system_stm32h7xx.o(.text.SystemInit)
    UARTEx_SetNbDataToProcess                0x0800432d   Thumb Code    78  stm32h7xx_hal_uart_ex.o(.text.UARTEx_SetNbDataToProcess)
    [Anonymous Symbol]                       0x0800432c   Section        0  stm32h7xx_hal_uart_ex.o(.text.UARTEx_SetNbDataToProcess)
    [Anonymous Symbol]                       0x0800437a   Section        0  stm32h7xx_hal_uart.o(.text.UART_AdvFeatureConfig)
    [Anonymous Symbol]                       0x08004440   Section        0  stm32h7xx_hal_uart.o(.text.UART_CheckIdleState)
    UART_DMAAbortOnError                     0x080044a7   Thumb Code    16  stm32h7xx_hal_uart.o(.text.UART_DMAAbortOnError)
    [Anonymous Symbol]                       0x080044a6   Section        0  stm32h7xx_hal_uart.o(.text.UART_DMAAbortOnError)
    UART_DMAError                            0x080044b7   Thumb Code   120  stm32h7xx_hal_uart.o(.text.UART_DMAError)
    [Anonymous Symbol]                       0x080044b6   Section        0  stm32h7xx_hal_uart.o(.text.UART_DMAError)
    UART_DMAReceiveCplt                      0x0800452f   Thumb Code    52  stm32h7xx_hal_uart.o(.text.UART_DMAReceiveCplt)
    [Anonymous Symbol]                       0x0800452e   Section        0  stm32h7xx_hal_uart.o(.text.UART_DMAReceiveCplt)
    UART_DMARxHalfCplt                       0x08004563   Thumb Code     6  stm32h7xx_hal_uart.o(.text.UART_DMARxHalfCplt)
    [Anonymous Symbol]                       0x08004562   Section        0  stm32h7xx_hal_uart.o(.text.UART_DMARxHalfCplt)
    UART_DMATransmitCplt                     0x08004569   Thumb Code    40  stm32h7xx_hal_uart.o(.text.UART_DMATransmitCplt)
    [Anonymous Symbol]                       0x08004568   Section        0  stm32h7xx_hal_uart.o(.text.UART_DMATransmitCplt)
    UART_DMATxHalfCplt                       0x08004591   Thumb Code     6  stm32h7xx_hal_uart.o(.text.UART_DMATxHalfCplt)
    [Anonymous Symbol]                       0x08004590   Section        0  stm32h7xx_hal_uart.o(.text.UART_DMATxHalfCplt)
    [Anonymous Symbol]                       0x08004598   Section        0  stm32h7xx_hal_uart.o(.text.UART_SetConfig)
    [Anonymous Symbol]                       0x08004d54   Section        0  stm32h7xx_hal_uart.o(.text.UART_WaitOnFlagUntilTimeout)
    [Anonymous Symbol]                       0x08004e02   Section        0  stm32h7xx_it.o(.text.USART1_IRQHandler)
    [Anonymous Symbol]                       0x08004e1c   Section        0  stm32h7xx_it.o(.text.UsageFault_Handler)
    [Anonymous Symbol]                       0x08004e1e   Section        0  my_uart.o(.text.UsartReceive_IDLE)
    [Anonymous Symbol]                       0x08004e68   Section        0  main.o(.text.main)
    i.__scatterload_copy                     0x08004f30   Section       14  handlers.o(i.__scatterload_copy)
    i.__scatterload_null                     0x08004f3e   Section        2  handlers.o(i.__scatterload_null)
    i.__scatterload_zeroinit                 0x08004f40   Section       14  handlers.o(i.__scatterload_zeroinit)
    .Lswitch.table.UART_SetConfig.25         0x08004f50   Data          44  stm32h7xx_hal_uart.o(.rodata..Lswitch.table.UART_SetConfig.25)
    .L__const.UARTEx_SetNbDataToProcess.numerator 0x08004f8c   Data           8  stm32h7xx_hal_uart_ex.o(.rodata.cst8)
    .L__const.UARTEx_SetNbDataToProcess.denominator 0x08004f94   Data           8  stm32h7xx_hal_uart_ex.o(.rodata.cst8)
    STACK                                    0x24000598   Section     1024  startup_stm32h743xx.o(STACK)

    Global Symbols

    Symbol Name                              Value     Ov Type        Size  Object(Section)

    BuildAttributes$$THM_ISAv4$E$P$D$K$B$S$7EM$VFPv5_D16$PE$PLD8$A:L22UL41UL21$X:L11$S22US41US21$IEEE1$IW$~IW$USESV6$~STKCKD$USESV7$~SHL$OSPACE$EBA8$MICROLIB$REQ8$PRES8$EABIv2 0x00000000   Number         0  anon$$obj.o ABSOLUTE
    __cpp_initialize__aeabi_                  - Undefined Weak Reference
    __cxa_finalize                            - Undefined Weak Reference
    _clock_init                               - Undefined Weak Reference
    _microlib_exit                            - Undefined Weak Reference
    __Vectors_Size                           0x00000298   Number         0  startup_stm32h743xx.o ABSOLUTE
    __Vectors                                0x08000000   Data           4  startup_stm32h743xx.o(RESET)
    __Vectors_End                            0x08000298   Data           0  startup_stm32h743xx.o(RESET)
    __main                                   0x08000299   Thumb Code     0  entry.o(.ARM.Collect$$$$00000000)
    _main_stk                                0x08000299   Thumb Code     0  entry2.o(.ARM.Collect$$$$00000001)
    _main_scatterload                        0x0800029d   Thumb Code     0  entry5.o(.ARM.Collect$$$$00000004)
    __main_after_scatterload                 0x080002a1   Thumb Code     0  entry5.o(.ARM.Collect$$$$00000004)
    _main_clock                              0x080002a1   Thumb Code     0  entry7b.o(.ARM.Collect$$$$00000008)
    _main_cpp_init                           0x080002a1   Thumb Code     0  entry8b.o(.ARM.Collect$$$$0000000A)
    _main_init                               0x080002a1   Thumb Code     0  entry9a.o(.ARM.Collect$$$$0000000B)
    __rt_final_cpp                           0x080002a9   Thumb Code     0  entry10a.o(.ARM.Collect$$$$0000000D)
    __rt_final_exit                          0x080002a9   Thumb Code     0  entry11a.o(.ARM.Collect$$$$0000000F)
    Reset_Handler                            0x080002ad   Thumb Code     8  startup_stm32h743xx.o(.text)
    ADC3_IRQHandler                          0x080002c7   Thumb Code     0  startup_stm32h743xx.o(.text)
    ADC_IRQHandler                           0x080002c7   Thumb Code     0  startup_stm32h743xx.o(.text)
    BDMA_Channel0_IRQHandler                 0x080002c7   Thumb Code     0  startup_stm32h743xx.o(.text)
    BDMA_Channel1_IRQHandler                 0x080002c7   Thumb Code     0  startup_stm32h743xx.o(.text)
    BDMA_Channel2_IRQHandler                 0x080002c7   Thumb Code     0  startup_stm32h743xx.o(.text)
    BDMA_Channel3_IRQHandler                 0x080002c7   Thumb Code     0  startup_stm32h743xx.o(.text)
    BDMA_Channel4_IRQHandler                 0x080002c7   Thumb Code     0  startup_stm32h743xx.o(.text)
    BDMA_Channel5_IRQHandler                 0x080002c7   Thumb Code     0  startup_stm32h743xx.o(.text)
    BDMA_Channel6_IRQHandler                 0x080002c7   Thumb Code     0  startup_stm32h743xx.o(.text)
    BDMA_Channel7_IRQHandler                 0x080002c7   Thumb Code     0  startup_stm32h743xx.o(.text)
    CEC_IRQHandler                           0x080002c7   Thumb Code     0  startup_stm32h743xx.o(.text)
    COMP1_IRQHandler                         0x080002c7   Thumb Code     0  startup_stm32h743xx.o(.text)
    CRS_IRQHandler                           0x080002c7   Thumb Code     0  startup_stm32h743xx.o(.text)
    DCMI_IRQHandler                          0x080002c7   Thumb Code     0  startup_stm32h743xx.o(.text)
    DFSDM1_FLT0_IRQHandler                   0x080002c7   Thumb Code     0  startup_stm32h743xx.o(.text)
    DFSDM1_FLT1_IRQHandler                   0x080002c7   Thumb Code     0  startup_stm32h743xx.o(.text)
    DFSDM1_FLT2_IRQHandler                   0x080002c7   Thumb Code     0  startup_stm32h743xx.o(.text)
    DFSDM1_FLT3_IRQHandler                   0x080002c7   Thumb Code     0  startup_stm32h743xx.o(.text)
    DMA1_Stream2_IRQHandler                  0x080002c7   Thumb Code     0  startup_stm32h743xx.o(.text)
    DMA1_Stream3_IRQHandler                  0x080002c7   Thumb Code     0  startup_stm32h743xx.o(.text)
    DMA1_Stream4_IRQHandler                  0x080002c7   Thumb Code     0  startup_stm32h743xx.o(.text)
    DMA1_Stream5_IRQHandler                  0x080002c7   Thumb Code     0  startup_stm32h743xx.o(.text)
    DMA1_Stream6_IRQHandler                  0x080002c7   Thumb Code     0  startup_stm32h743xx.o(.text)
    DMA1_Stream7_IRQHandler                  0x080002c7   Thumb Code     0  startup_stm32h743xx.o(.text)
    DMA2D_IRQHandler                         0x080002c7   Thumb Code     0  startup_stm32h743xx.o(.text)
    DMA2_Stream0_IRQHandler                  0x080002c7   Thumb Code     0  startup_stm32h743xx.o(.text)
    DMA2_Stream1_IRQHandler                  0x080002c7   Thumb Code     0  startup_stm32h743xx.o(.text)
    DMA2_Stream2_IRQHandler                  0x080002c7   Thumb Code     0  startup_stm32h743xx.o(.text)
    DMA2_Stream3_IRQHandler                  0x080002c7   Thumb Code     0  startup_stm32h743xx.o(.text)
    DMA2_Stream4_IRQHandler                  0x080002c7   Thumb Code     0  startup_stm32h743xx.o(.text)
    DMA2_Stream5_IRQHandler                  0x080002c7   Thumb Code     0  startup_stm32h743xx.o(.text)
    DMA2_Stream6_IRQHandler                  0x080002c7   Thumb Code     0  startup_stm32h743xx.o(.text)
    DMA2_Stream7_IRQHandler                  0x080002c7   Thumb Code     0  startup_stm32h743xx.o(.text)
    DMAMUX1_OVR_IRQHandler                   0x080002c7   Thumb Code     0  startup_stm32h743xx.o(.text)
    DMAMUX2_OVR_IRQHandler                   0x080002c7   Thumb Code     0  startup_stm32h743xx.o(.text)
    ECC_IRQHandler                           0x080002c7   Thumb Code     0  startup_stm32h743xx.o(.text)
    ETH_IRQHandler                           0x080002c7   Thumb Code     0  startup_stm32h743xx.o(.text)
    ETH_WKUP_IRQHandler                      0x080002c7   Thumb Code     0  startup_stm32h743xx.o(.text)
    EXTI0_IRQHandler                         0x080002c7   Thumb Code     0  startup_stm32h743xx.o(.text)
    EXTI15_10_IRQHandler                     0x080002c7   Thumb Code     0  startup_stm32h743xx.o(.text)
    EXTI1_IRQHandler                         0x080002c7   Thumb Code     0  startup_stm32h743xx.o(.text)
    EXTI2_IRQHandler                         0x080002c7   Thumb Code     0  startup_stm32h743xx.o(.text)
    EXTI3_IRQHandler                         0x080002c7   Thumb Code     0  startup_stm32h743xx.o(.text)
    EXTI4_IRQHandler                         0x080002c7   Thumb Code     0  startup_stm32h743xx.o(.text)
    EXTI9_5_IRQHandler                       0x080002c7   Thumb Code     0  startup_stm32h743xx.o(.text)
    FDCAN1_IT0_IRQHandler                    0x080002c7   Thumb Code     0  startup_stm32h743xx.o(.text)
    FDCAN1_IT1_IRQHandler                    0x080002c7   Thumb Code     0  startup_stm32h743xx.o(.text)
    FDCAN2_IT0_IRQHandler                    0x080002c7   Thumb Code     0  startup_stm32h743xx.o(.text)
    FDCAN2_IT1_IRQHandler                    0x080002c7   Thumb Code     0  startup_stm32h743xx.o(.text)
    FDCAN_CAL_IRQHandler                     0x080002c7   Thumb Code     0  startup_stm32h743xx.o(.text)
    FLASH_IRQHandler                         0x080002c7   Thumb Code     0  startup_stm32h743xx.o(.text)
    FMC_IRQHandler                           0x080002c7   Thumb Code     0  startup_stm32h743xx.o(.text)
    FPU_IRQHandler                           0x080002c7   Thumb Code     0  startup_stm32h743xx.o(.text)
    HRTIM1_FLT_IRQHandler                    0x080002c7   Thumb Code     0  startup_stm32h743xx.o(.text)
    HRTIM1_Master_IRQHandler                 0x080002c7   Thumb Code     0  startup_stm32h743xx.o(.text)
    HRTIM1_TIMA_IRQHandler                   0x080002c7   Thumb Code     0  startup_stm32h743xx.o(.text)
    HRTIM1_TIMB_IRQHandler                   0x080002c7   Thumb Code     0  startup_stm32h743xx.o(.text)
    HRTIM1_TIMC_IRQHandler                   0x080002c7   Thumb Code     0  startup_stm32h743xx.o(.text)
    HRTIM1_TIMD_IRQHandler                   0x080002c7   Thumb Code     0  startup_stm32h743xx.o(.text)
    HRTIM1_TIME_IRQHandler                   0x080002c7   Thumb Code     0  startup_stm32h743xx.o(.text)
    HSEM1_IRQHandler                         0x080002c7   Thumb Code     0  startup_stm32h743xx.o(.text)
    I2C1_ER_IRQHandler                       0x080002c7   Thumb Code     0  startup_stm32h743xx.o(.text)
    I2C1_EV_IRQHandler                       0x080002c7   Thumb Code     0  startup_stm32h743xx.o(.text)
    I2C2_ER_IRQHandler                       0x080002c7   Thumb Code     0  startup_stm32h743xx.o(.text)
    I2C2_EV_IRQHandler                       0x080002c7   Thumb Code     0  startup_stm32h743xx.o(.text)
    I2C3_ER_IRQHandler                       0x080002c7   Thumb Code     0  startup_stm32h743xx.o(.text)
    I2C3_EV_IRQHandler                       0x080002c7   Thumb Code     0  startup_stm32h743xx.o(.text)
    I2C4_ER_IRQHandler                       0x080002c7   Thumb Code     0  startup_stm32h743xx.o(.text)
    I2C4_EV_IRQHandler                       0x080002c7   Thumb Code     0  startup_stm32h743xx.o(.text)
    JPEG_IRQHandler                          0x080002c7   Thumb Code     0  startup_stm32h743xx.o(.text)
    LPTIM1_IRQHandler                        0x080002c7   Thumb Code     0  startup_stm32h743xx.o(.text)
    LPTIM2_IRQHandler                        0x080002c7   Thumb Code     0  startup_stm32h743xx.o(.text)
    LPTIM3_IRQHandler                        0x080002c7   Thumb Code     0  startup_stm32h743xx.o(.text)
    LPTIM4_IRQHandler                        0x080002c7   Thumb Code     0  startup_stm32h743xx.o(.text)
    LPTIM5_IRQHandler                        0x080002c7   Thumb Code     0  startup_stm32h743xx.o(.text)
    LPUART1_IRQHandler                       0x080002c7   Thumb Code     0  startup_stm32h743xx.o(.text)
    LTDC_ER_IRQHandler                       0x080002c7   Thumb Code     0  startup_stm32h743xx.o(.text)
    LTDC_IRQHandler                          0x080002c7   Thumb Code     0  startup_stm32h743xx.o(.text)
    MDIOS_IRQHandler                         0x080002c7   Thumb Code     0  startup_stm32h743xx.o(.text)
    MDIOS_WKUP_IRQHandler                    0x080002c7   Thumb Code     0  startup_stm32h743xx.o(.text)
    MDMA_IRQHandler                          0x080002c7   Thumb Code     0  startup_stm32h743xx.o(.text)
    OTG_FS_EP1_IN_IRQHandler                 0x080002c7   Thumb Code     0  startup_stm32h743xx.o(.text)
    OTG_FS_EP1_OUT_IRQHandler                0x080002c7   Thumb Code     0  startup_stm32h743xx.o(.text)
    OTG_FS_IRQHandler                        0x080002c7   Thumb Code     0  startup_stm32h743xx.o(.text)
    OTG_FS_WKUP_IRQHandler                   0x080002c7   Thumb Code     0  startup_stm32h743xx.o(.text)
    OTG_HS_EP1_IN_IRQHandler                 0x080002c7   Thumb Code     0  startup_stm32h743xx.o(.text)
    OTG_HS_EP1_OUT_IRQHandler                0x080002c7   Thumb Code     0  startup_stm32h743xx.o(.text)
    OTG_HS_IRQHandler                        0x080002c7   Thumb Code     0  startup_stm32h743xx.o(.text)
    OTG_HS_WKUP_IRQHandler                   0x080002c7   Thumb Code     0  startup_stm32h743xx.o(.text)
    PVD_AVD_IRQHandler                       0x080002c7   Thumb Code     0  startup_stm32h743xx.o(.text)
    QUADSPI_IRQHandler                       0x080002c7   Thumb Code     0  startup_stm32h743xx.o(.text)
    RCC_IRQHandler                           0x080002c7   Thumb Code     0  startup_stm32h743xx.o(.text)
    RNG_IRQHandler                           0x080002c7   Thumb Code     0  startup_stm32h743xx.o(.text)
    RTC_Alarm_IRQHandler                     0x080002c7   Thumb Code     0  startup_stm32h743xx.o(.text)
    RTC_WKUP_IRQHandler                      0x080002c7   Thumb Code     0  startup_stm32h743xx.o(.text)
    SAI1_IRQHandler                          0x080002c7   Thumb Code     0  startup_stm32h743xx.o(.text)
    SAI2_IRQHandler                          0x080002c7   Thumb Code     0  startup_stm32h743xx.o(.text)
    SAI3_IRQHandler                          0x080002c7   Thumb Code     0  startup_stm32h743xx.o(.text)
    SAI4_IRQHandler                          0x080002c7   Thumb Code     0  startup_stm32h743xx.o(.text)
    SDMMC1_IRQHandler                        0x080002c7   Thumb Code     0  startup_stm32h743xx.o(.text)
    SDMMC2_IRQHandler                        0x080002c7   Thumb Code     0  startup_stm32h743xx.o(.text)
    SPDIF_RX_IRQHandler                      0x080002c7   Thumb Code     0  startup_stm32h743xx.o(.text)
    SPI1_IRQHandler                          0x080002c7   Thumb Code     0  startup_stm32h743xx.o(.text)
    SPI2_IRQHandler                          0x080002c7   Thumb Code     0  startup_stm32h743xx.o(.text)
    SPI3_IRQHandler                          0x080002c7   Thumb Code     0  startup_stm32h743xx.o(.text)
    SPI4_IRQHandler                          0x080002c7   Thumb Code     0  startup_stm32h743xx.o(.text)
    SPI5_IRQHandler                          0x080002c7   Thumb Code     0  startup_stm32h743xx.o(.text)
    SPI6_IRQHandler                          0x080002c7   Thumb Code     0  startup_stm32h743xx.o(.text)
    SWPMI1_IRQHandler                        0x080002c7   Thumb Code     0  startup_stm32h743xx.o(.text)
    TAMP_STAMP_IRQHandler                    0x080002c7   Thumb Code     0  startup_stm32h743xx.o(.text)
    TIM15_IRQHandler                         0x080002c7   Thumb Code     0  startup_stm32h743xx.o(.text)
    TIM16_IRQHandler                         0x080002c7   Thumb Code     0  startup_stm32h743xx.o(.text)
    TIM17_IRQHandler                         0x080002c7   Thumb Code     0  startup_stm32h743xx.o(.text)
    TIM1_BRK_IRQHandler                      0x080002c7   Thumb Code     0  startup_stm32h743xx.o(.text)
    TIM1_CC_IRQHandler                       0x080002c7   Thumb Code     0  startup_stm32h743xx.o(.text)
    TIM1_TRG_COM_IRQHandler                  0x080002c7   Thumb Code     0  startup_stm32h743xx.o(.text)
    TIM1_UP_IRQHandler                       0x080002c7   Thumb Code     0  startup_stm32h743xx.o(.text)
    TIM2_IRQHandler                          0x080002c7   Thumb Code     0  startup_stm32h743xx.o(.text)
    TIM3_IRQHandler                          0x080002c7   Thumb Code     0  startup_stm32h743xx.o(.text)
    TIM4_IRQHandler                          0x080002c7   Thumb Code     0  startup_stm32h743xx.o(.text)
    TIM5_IRQHandler                          0x080002c7   Thumb Code     0  startup_stm32h743xx.o(.text)
    TIM6_DAC_IRQHandler                      0x080002c7   Thumb Code     0  startup_stm32h743xx.o(.text)
    TIM7_IRQHandler                          0x080002c7   Thumb Code     0  startup_stm32h743xx.o(.text)
    TIM8_BRK_TIM12_IRQHandler                0x080002c7   Thumb Code     0  startup_stm32h743xx.o(.text)
    TIM8_CC_IRQHandler                       0x080002c7   Thumb Code     0  startup_stm32h743xx.o(.text)
    TIM8_TRG_COM_TIM14_IRQHandler            0x080002c7   Thumb Code     0  startup_stm32h743xx.o(.text)
    TIM8_UP_TIM13_IRQHandler                 0x080002c7   Thumb Code     0  startup_stm32h743xx.o(.text)
    UART4_IRQHandler                         0x080002c7   Thumb Code     0  startup_stm32h743xx.o(.text)
    UART5_IRQHandler                         0x080002c7   Thumb Code     0  startup_stm32h743xx.o(.text)
    UART7_IRQHandler                         0x080002c7   Thumb Code     0  startup_stm32h743xx.o(.text)
    UART8_IRQHandler                         0x080002c7   Thumb Code     0  startup_stm32h743xx.o(.text)
    USART2_IRQHandler                        0x080002c7   Thumb Code     0  startup_stm32h743xx.o(.text)
    USART3_IRQHandler                        0x080002c7   Thumb Code     0  startup_stm32h743xx.o(.text)
    USART6_IRQHandler                        0x080002c7   Thumb Code     0  startup_stm32h743xx.o(.text)
    WAKEUP_PIN_IRQHandler                    0x080002c7   Thumb Code     0  startup_stm32h743xx.o(.text)
    WWDG_IRQHandler                          0x080002c7   Thumb Code     0  startup_stm32h743xx.o(.text)
    __aeabi_uldivmod                         0x080002d1   Thumb Code    98  uldiv.o(.text)
    __aeabi_memset                           0x08000333   Thumb Code    14  memseta.o(.text)
    __aeabi_memset4                          0x08000333   Thumb Code     0  memseta.o(.text)
    __aeabi_memset8                          0x08000333   Thumb Code     0  memseta.o(.text)
    __aeabi_memclr                           0x08000341   Thumb Code     4  memseta.o(.text)
    __aeabi_memclr4                          0x08000341   Thumb Code     0  memseta.o(.text)
    __aeabi_memclr8                          0x08000341   Thumb Code     0  memseta.o(.text)
    _memset$wrapper                          0x08000345   Thumb Code    18  memseta.o(.text)
    __aeabi_llsl                             0x08000357   Thumb Code    30  llshl.o(.text)
    _ll_shift_l                              0x08000357   Thumb Code     0  llshl.o(.text)
    __aeabi_llsr                             0x08000375   Thumb Code    32  llushr.o(.text)
    _ll_ushift_r                             0x08000375   Thumb Code     0  llushr.o(.text)
    __scatterload                            0x08000395   Thumb Code    28  init.o(.text)
    __scatterload_rt2                        0x08000395   Thumb Code     0  init.o(.text)
    __decompress                             0x080003b9   Thumb Code     0  __dczerorl.o(.text)
    __decompress0                            0x080003b9   Thumb Code    58  __dczerorl.o(.text)
    BusFault_Handler                         0x080003f5   Thumb Code     2  stm32h7xx_it.o(.text.BusFault_Handler)
    DMA1_Stream0_IRQHandler                  0x080003f7   Thumb Code    12  stm32h7xx_it.o(.text.DMA1_Stream0_IRQHandler)
    DMA1_Stream1_IRQHandler                  0x08000403   Thumb Code    12  stm32h7xx_it.o(.text.DMA1_Stream1_IRQHandler)
    DebugMon_Handler                         0x08000989   Thumb Code     2  stm32h7xx_it.o(.text.DebugMon_Handler)
    Error_Handler                            0x0800098b   Thumb Code     2  main.o(.text.Error_Handler)
    HAL_DMA_Abort                            0x0800098d   Thumb Code  1448  stm32h7xx_hal_dma.o(.text.HAL_DMA_Abort)
    HAL_DMA_Abort_IT                         0x08000f35   Thumb Code   662  stm32h7xx_hal_dma.o(.text.HAL_DMA_Abort_IT)
    HAL_DMA_GetError                         0x080011cb   Thumb Code     4  stm32h7xx_hal_dma.o(.text.HAL_DMA_GetError)
    HAL_DMA_IRQHandler                       0x080011d1   Thumb Code  1916  stm32h7xx_hal_dma.o(.text.HAL_DMA_IRQHandler)
    HAL_DMA_Init                             0x0800194d   Thumb Code  1160  stm32h7xx_hal_dma.o(.text.HAL_DMA_Init)
    HAL_DMA_Start_IT                         0x08001dd5   Thumb Code   894  stm32h7xx_hal_dma.o(.text.HAL_DMA_Start_IT)
    HAL_GPIO_Init                            0x08002155   Thumb Code   472  stm32h7xx_hal_gpio.o(.text.HAL_GPIO_Init)
    HAL_GetREVID                             0x0800232d   Thumb Code    14  stm32h7xx_hal.o(.text.HAL_GetREVID)
    HAL_GetTick                              0x0800233b   Thumb Code    12  stm32h7xx_hal.o(.text.HAL_GetTick)
    HAL_IncTick                              0x08002347   Thumb Code    26  stm32h7xx_hal.o(.text.HAL_IncTick)
    HAL_Init                                 0x08002361   Thumb Code    98  stm32h7xx_hal.o(.text.HAL_Init)
    HAL_InitTick                             0x080023c3   Thumb Code    84  stm32h7xx_hal.o(.text.HAL_InitTick)
    HAL_MspInit                              0x08002417   Thumb Code    32  stm32h7xx_hal_msp.o(.text.HAL_MspInit)
    HAL_NVIC_EnableIRQ                       0x08002437   Thumb Code    30  stm32h7xx_hal_cortex.o(.text.HAL_NVIC_EnableIRQ)
    HAL_NVIC_SetPriority                     0x08002455   Thumb Code    88  stm32h7xx_hal_cortex.o(.text.HAL_NVIC_SetPriority)
    HAL_NVIC_SetPriorityGrouping             0x080024ad   Thumb Code    32  stm32h7xx_hal_cortex.o(.text.HAL_NVIC_SetPriorityGrouping)
    HAL_PWREx_ConfigSupply                   0x080024cd   Thumb Code    72  stm32h7xx_hal_pwr_ex.o(.text.HAL_PWREx_ConfigSupply)
    HAL_RCCEx_GetD3PCLK1Freq                 0x08002515   Thumb Code    38  stm32h7xx_hal_rcc_ex.o(.text.HAL_RCCEx_GetD3PCLK1Freq)
    HAL_RCCEx_GetPLL2ClockFreq               0x0800253d   Thumb Code   292  stm32h7xx_hal_rcc_ex.o(.text.HAL_RCCEx_GetPLL2ClockFreq)
    HAL_RCCEx_GetPLL3ClockFreq               0x08002661   Thumb Code   292  stm32h7xx_hal_rcc_ex.o(.text.HAL_RCCEx_GetPLL3ClockFreq)
    HAL_RCCEx_PeriphCLKConfig                0x08002785   Thumb Code  2180  stm32h7xx_hal_rcc_ex.o(.text.HAL_RCCEx_PeriphCLKConfig)
    HAL_RCC_ClockConfig                      0x08003009   Thumb Code   582  stm32h7xx_hal_rcc.o(.text.HAL_RCC_ClockConfig)
    HAL_RCC_GetHCLKFreq                      0x0800324f   Thumb Code    76  stm32h7xx_hal_rcc.o(.text.HAL_RCC_GetHCLKFreq)
    HAL_RCC_GetPCLK1Freq                     0x0800329b   Thumb Code    38  stm32h7xx_hal_rcc.o(.text.HAL_RCC_GetPCLK1Freq)
    HAL_RCC_GetPCLK2Freq                     0x080032c1   Thumb Code    38  stm32h7xx_hal_rcc.o(.text.HAL_RCC_GetPCLK2Freq)
    HAL_RCC_GetSysClockFreq                  0x080032e9   Thumb Code   264  stm32h7xx_hal_rcc.o(.text.HAL_RCC_GetSysClockFreq)
    HAL_RCC_OscConfig                        0x080033f1   Thumb Code  1196  stm32h7xx_hal_rcc.o(.text.HAL_RCC_OscConfig)
    HAL_SYSTICK_Config                       0x0800389d   Thumb Code    44  stm32h7xx_hal_cortex.o(.text.HAL_SYSTICK_Config)
    HAL_UARTEx_DisableFifoMode               0x080038c9   Thumb Code    54  stm32h7xx_hal_uart_ex.o(.text.HAL_UARTEx_DisableFifoMode)
    HAL_UARTEx_RxFifoFullCallback            0x080038ff   Thumb Code     2  stm32h7xx_hal_uart_ex.o(.text.HAL_UARTEx_RxFifoFullCallback)
    HAL_UARTEx_SetRxFifoThreshold            0x08003901   Thumb Code    74  stm32h7xx_hal_uart_ex.o(.text.HAL_UARTEx_SetRxFifoThreshold)
    HAL_UARTEx_SetTxFifoThreshold            0x0800394b   Thumb Code    74  stm32h7xx_hal_uart_ex.o(.text.HAL_UARTEx_SetTxFifoThreshold)
    HAL_UARTEx_TxFifoEmptyCallback           0x08003995   Thumb Code     2  stm32h7xx_hal_uart_ex.o(.text.HAL_UARTEx_TxFifoEmptyCallback)
    HAL_UARTEx_WakeupCallback                0x08003997   Thumb Code     2  stm32h7xx_hal_uart_ex.o(.text.HAL_UARTEx_WakeupCallback)
    HAL_UART_DMAStop                         0x08003999   Thumb Code   170  stm32h7xx_hal_uart.o(.text.HAL_UART_DMAStop)
    HAL_UART_ErrorCallback                   0x08003a43   Thumb Code     2  stm32h7xx_hal_uart.o(.text.HAL_UART_ErrorCallback)
    HAL_UART_IRQHandler                      0x08003a45   Thumb Code   506  stm32h7xx_hal_uart.o(.text.HAL_UART_IRQHandler)
    HAL_UART_Init                            0x08003c3f   Thumb Code   100  stm32h7xx_hal_uart.o(.text.HAL_UART_Init)
    HAL_UART_MspInit                         0x08003ca3   Thumb Code   242  usart.o(.text.HAL_UART_MspInit)
    HAL_UART_Receive_DMA                     0x08003d95   Thumb Code   158  stm32h7xx_hal_uart.o(.text.HAL_UART_Receive_DMA)
    HAL_UART_RxCpltCallback                  0x08003e33   Thumb Code     2  stm32h7xx_hal_uart.o(.text.HAL_UART_RxCpltCallback)
    HAL_UART_RxHalfCpltCallback              0x08003e35   Thumb Code     2  stm32h7xx_hal_uart.o(.text.HAL_UART_RxHalfCpltCallback)
    HAL_UART_Transmit_DMA                    0x08003e37   Thumb Code   148  stm32h7xx_hal_uart.o(.text.HAL_UART_Transmit_DMA)
    HAL_UART_TxCpltCallback                  0x08003ecb   Thumb Code     2  stm32h7xx_hal_uart.o(.text.HAL_UART_TxCpltCallback)
    HAL_UART_TxHalfCpltCallback              0x08003ecd   Thumb Code     2  stm32h7xx_hal_uart.o(.text.HAL_UART_TxHalfCpltCallback)
    HardFault_Handler                        0x08003ed1   Thumb Code     2  stm32h7xx_it.o(.text.HardFault_Handler)
    MX_DMA_Init                              0x08003ed3   Thumb Code    68  dma.o(.text.MX_DMA_Init)
    MX_GPIO_Init                             0x08003f17   Thumb Code    68  gpio.o(.text.MX_GPIO_Init)
    MX_USART1_UART_Init                      0x08003f5b   Thumb Code   124  usart.o(.text.MX_USART1_UART_Init)
    MemManage_Handler                        0x08003fd9   Thumb Code     2  stm32h7xx_it.o(.text.MemManage_Handler)
    NMI_Handler                              0x08003fdb   Thumb Code     2  stm32h7xx_it.o(.text.NMI_Handler)
    PendSV_Handler                           0x08003fdd   Thumb Code     2  stm32h7xx_it.o(.text.PendSV_Handler)
    SVC_Handler                              0x080041ef   Thumb Code     2  stm32h7xx_it.o(.text.SVC_Handler)
    SysTick_Handler                          0x080041f1   Thumb Code     4  stm32h7xx_it.o(.text.SysTick_Handler)
    SystemClock_Config                       0x080041f5   Thumb Code   188  main.o(.text.SystemClock_Config)
    SystemInit                               0x080042b1   Thumb Code   124  system_stm32h7xx.o(.text.SystemInit)
    UART_AdvFeatureConfig                    0x0800437b   Thumb Code   198  stm32h7xx_hal_uart.o(.text.UART_AdvFeatureConfig)
    UART_CheckIdleState                      0x08004441   Thumb Code   102  stm32h7xx_hal_uart.o(.text.UART_CheckIdleState)
    UART_SetConfig                           0x08004599   Thumb Code  1978  stm32h7xx_hal_uart.o(.text.UART_SetConfig)
    UART_WaitOnFlagUntilTimeout              0x08004d55   Thumb Code   174  stm32h7xx_hal_uart.o(.text.UART_WaitOnFlagUntilTimeout)
    USART1_IRQHandler                        0x08004e03   Thumb Code    26  stm32h7xx_it.o(.text.USART1_IRQHandler)
    UsageFault_Handler                       0x08004e1d   Thumb Code     2  stm32h7xx_it.o(.text.UsageFault_Handler)
    UsartReceive_IDLE                        0x08004e1f   Thumb Code    74  my_uart.o(.text.UsartReceive_IDLE)
    main                                     0x08004e69   Thumb Code   200  main.o(.text.main)
    __scatterload_copy                       0x08004f31   Thumb Code    14  handlers.o(i.__scatterload_copy)
    __scatterload_null                       0x08004f3f   Thumb Code     2  handlers.o(i.__scatterload_null)
    __scatterload_zeroinit                   0x08004f41   Thumb Code    14  handlers.o(i.__scatterload_zeroinit)
    D1CorePrescTable                         0x08004f7c   Data          16  system_stm32h7xx.o(.rodata.D1CorePrescTable)
    Region$$Table$$Base                      0x08004f9c   Number         0  anon$$obj.o(Region$$Table)
    Region$$Table$$Limit                     0x08004fbc   Number         0  anon$$obj.o(Region$$Table)
    UsartType                                0x24000000   Data        1028  my_uart.o(.ARM.__at_0x24000000)
    SystemCoreClock                          0x24000404   Data           4  system_stm32h7xx.o(.data.SystemCoreClock)
    SystemD2Clock                            0x24000408   Data           4  system_stm32h7xx.o(.data.SystemD2Clock)
    uwTickFreq                               0x2400040c   Data           1  stm32h7xx_hal.o(.data.uwTickFreq)
    uwTickPrio                               0x24000410   Data           4  stm32h7xx_hal.o(.data.uwTickPrio)
    hdma_usart1_rx                           0x24000418   Data         120  usart.o(.bss.hdma_usart1_rx)
    hdma_usart1_tx                           0x24000490   Data         120  usart.o(.bss.hdma_usart1_tx)
    huart1                                   0x24000508   Data         140  usart.o(.bss.huart1)
    uwTick                                   0x24000594   Data           4  stm32h7xx_hal.o(.bss.uwTick)
    __initial_sp                             0x24000998   Data           0  startup_stm32h743xx.o(STACK)



==============================================================================

Memory Map of the image

  Image Entry point : 0x08000299

  Load Region LR_IROM1 (Base: 0x08000000, Size: 0x000053d8, Max: 0x00200000, ABSOLUTE, COMPRESSED[0x00004fd8])

    Execution Region ER_IROM1 (Exec base: 0x08000000, Load base: 0x08000000, Size: 0x00004fbc, Max: 0x00200000, ABSOLUTE)

    Exec Addr    Load Addr    Size         Type   Attr      Idx    E Section Name        Object

    0x08000000   0x08000000   0x00000298   Data   RO            3    RESET               startup_stm32h743xx.o
    0x08000298   0x08000298   0x00000000   Code   RO         1168  * .ARM.Collect$$$$00000000  mc_w.l(entry.o)
    0x08000298   0x08000298   0x00000004   Code   RO         1175    .ARM.Collect$$$$00000001  mc_w.l(entry2.o)
    0x0800029c   0x0800029c   0x00000004   Code   RO         1178    .ARM.Collect$$$$00000004  mc_w.l(entry5.o)
    0x080002a0   0x080002a0   0x00000000   Code   RO         1180    .ARM.Collect$$$$00000008  mc_w.l(entry7b.o)
    0x080002a0   0x080002a0   0x00000000   Code   RO         1182    .ARM.Collect$$$$0000000A  mc_w.l(entry8b.o)
    0x080002a0   0x080002a0   0x00000008   Code   RO         1183    .ARM.Collect$$$$0000000B  mc_w.l(entry9a.o)
    0x080002a8   0x080002a8   0x00000000   Code   RO         1185    .ARM.Collect$$$$0000000D  mc_w.l(entry10a.o)
    0x080002a8   0x080002a8   0x00000000   Code   RO         1187    .ARM.Collect$$$$0000000F  mc_w.l(entry11a.o)
    0x080002a8   0x080002a8   0x00000004   Code   RO         1176    .ARM.Collect$$$$00002712  mc_w.l(entry2.o)
    0x080002ac   0x080002ac   0x00000024   Code   RO            4    .text               startup_stm32h743xx.o
    0x080002d0   0x080002d0   0x00000062   Code   RO         1171    .text               mc_w.l(uldiv.o)
    0x08000332   0x08000332   0x00000024   Code   RO         1173    .text               mc_w.l(memseta.o)
    0x08000356   0x08000356   0x0000001e   Code   RO         1189    .text               mc_w.l(llshl.o)
    0x08000374   0x08000374   0x00000020   Code   RO         1191    .text               mc_w.l(llushr.o)
    0x08000394   0x08000394   0x00000024   Code   RO         1193    .text               mc_w.l(init.o)
    0x080003b8   0x080003b8   0x0000003a   Code   RO         1203    .text               mc_w.l(__dczerorl.o)
    0x080003f2   0x080003f2   0x00000002   PAD
    0x080003f4   0x080003f4   0x00000002   Code   RO           79    .text.BusFault_Handler  stm32h7xx_it.o
    0x080003f6   0x080003f6   0x0000000c   Code   RO           91    .text.DMA1_Stream0_IRQHandler  stm32h7xx_it.o
    0x08000402   0x08000402   0x0000000c   Code   RO           93    .text.DMA1_Stream1_IRQHandler  stm32h7xx_it.o
    0x0800040e   0x0800040e   0x00000002   PAD
    0x08000410   0x08000410   0x00000118   Code   RO          392    .text.DMA_CalcBaseAndBitshift  stm32h7xx_hal_dma.o
    0x08000528   0x08000528   0x000000e0   Code   RO          394    .text.DMA_CalcDMAMUXChannelBaseAndMask  stm32h7xx_hal_dma.o
    0x08000608   0x08000608   0x000000a4   Code   RO          396    .text.DMA_CalcDMAMUXRequestGenBaseAndMask  stm32h7xx_hal_dma.o
    0x080006ac   0x080006ac   0x000002dc   Code   RO          402    .text.DMA_SetConfig  stm32h7xx_hal_dma.o
    0x08000988   0x08000988   0x00000002   Code   RO           85    .text.DebugMon_Handler  stm32h7xx_it.o
    0x0800098a   0x0800098a   0x00000002   Code   RO           15    .text.Error_Handler  main.o
    0x0800098c   0x0800098c   0x000005a8   Code   RO          406    .text.HAL_DMA_Abort  stm32h7xx_hal_dma.o
    0x08000f34   0x08000f34   0x00000296   Code   RO          408    .text.HAL_DMA_Abort_IT  stm32h7xx_hal_dma.o
    0x080011ca   0x080011ca   0x00000004   Code   RO          420    .text.HAL_DMA_GetError  stm32h7xx_hal_dma.o
    0x080011ce   0x080011ce   0x00000002   PAD
    0x080011d0   0x080011d0   0x0000077c   Code   RO          412    .text.HAL_DMA_IRQHandler  stm32h7xx_hal_dma.o
    0x0800194c   0x0800194c   0x00000488   Code   RO          390    .text.HAL_DMA_Init  stm32h7xx_hal_dma.o
    0x08001dd4   0x08001dd4   0x0000037e   Code   RO          404    .text.HAL_DMA_Start_IT  stm32h7xx_hal_dma.o
    0x08002152   0x08002152   0x00000002   PAD
    0x08002154   0x08002154   0x000001d8   Code   RO          334    .text.HAL_GPIO_Init  stm32h7xx_hal_gpio.o
    0x0800232c   0x0800232c   0x0000000e   Code   RO          667    .text.HAL_GetREVID  stm32h7xx_hal.o
    0x0800233a   0x0800233a   0x0000000c   Code   RO          651    .text.HAL_GetTick   stm32h7xx_hal.o
    0x08002346   0x08002346   0x0000001a   Code   RO          649    .text.HAL_IncTick   stm32h7xx_hal.o
    0x08002360   0x08002360   0x00000062   Code   RO          639    .text.HAL_Init      stm32h7xx_hal.o
    0x080023c2   0x080023c2   0x00000054   Code   RO          641    .text.HAL_InitTick  stm32h7xx_hal.o
    0x08002416   0x08002416   0x00000020   Code   RO          105    .text.HAL_MspInit   stm32h7xx_hal_msp.o
    0x08002436   0x08002436   0x0000001e   Code   RO          118    .text.HAL_NVIC_EnableIRQ  stm32h7xx_hal_cortex.o
    0x08002454   0x08002454   0x00000058   Code   RO          116    .text.HAL_NVIC_SetPriority  stm32h7xx_hal_cortex.o
    0x080024ac   0x080024ac   0x00000020   Code   RO          114    .text.HAL_NVIC_SetPriorityGrouping  stm32h7xx_hal_cortex.o
    0x080024cc   0x080024cc   0x00000048   Code   RO          550    .text.HAL_PWREx_ConfigSupply  stm32h7xx_hal_pwr_ex.o
    0x08002514   0x08002514   0x00000026   Code   RO          216    .text.HAL_RCCEx_GetD3PCLK1Freq  stm32h7xx_hal_rcc_ex.o
    0x0800253a   0x0800253a   0x00000002   PAD
    0x0800253c   0x0800253c   0x00000124   Code   RO          212    .text.HAL_RCCEx_GetPLL2ClockFreq  stm32h7xx_hal_rcc_ex.o
    0x08002660   0x08002660   0x00000124   Code   RO          214    .text.HAL_RCCEx_GetPLL3ClockFreq  stm32h7xx_hal_rcc_ex.o
    0x08002784   0x08002784   0x00000884   Code   RO          200    .text.HAL_RCCEx_PeriphCLKConfig  stm32h7xx_hal_rcc_ex.o
    0x08003008   0x08003008   0x00000246   Code   RO          167    .text.HAL_RCC_ClockConfig  stm32h7xx_hal_rcc.o
    0x0800324e   0x0800324e   0x0000004c   Code   RO          177    .text.HAL_RCC_GetHCLKFreq  stm32h7xx_hal_rcc.o
    0x0800329a   0x0800329a   0x00000026   Code   RO          179    .text.HAL_RCC_GetPCLK1Freq  stm32h7xx_hal_rcc.o
    0x080032c0   0x080032c0   0x00000026   Code   RO          181    .text.HAL_RCC_GetPCLK2Freq  stm32h7xx_hal_rcc.o
    0x080032e6   0x080032e6   0x00000002   PAD
    0x080032e8   0x080032e8   0x00000108   Code   RO          169    .text.HAL_RCC_GetSysClockFreq  stm32h7xx_hal_rcc.o
    0x080033f0   0x080033f0   0x000004ac   Code   RO          165    .text.HAL_RCC_OscConfig  stm32h7xx_hal_rcc.o
    0x0800389c   0x0800389c   0x0000002c   Code   RO          126    .text.HAL_SYSTICK_Config  stm32h7xx_hal_cortex.o
    0x080038c8   0x080038c8   0x00000036   Code   RO         1121    .text.HAL_UARTEx_DisableFifoMode  stm32h7xx_hal_uart_ex.o
    0x080038fe   0x080038fe   0x00000002   Code   RO         1105    .text.HAL_UARTEx_RxFifoFullCallback  stm32h7xx_hal_uart_ex.o
    0x08003900   0x08003900   0x0000004a   Code   RO         1125    .text.HAL_UARTEx_SetRxFifoThreshold  stm32h7xx_hal_uart_ex.o
    0x0800394a   0x0800394a   0x0000004a   Code   RO         1123    .text.HAL_UARTEx_SetTxFifoThreshold  stm32h7xx_hal_uart_ex.o
    0x08003994   0x08003994   0x00000002   Code   RO         1107    .text.HAL_UARTEx_TxFifoEmptyCallback  stm32h7xx_hal_uart_ex.o
    0x08003996   0x08003996   0x00000002   Code   RO         1103    .text.HAL_UARTEx_WakeupCallback  stm32h7xx_hal_uart_ex.o
    0x08003998   0x08003998   0x000000aa   Code   RO         1027    .text.HAL_UART_DMAStop  stm32h7xx_hal_uart.o
    0x08003a42   0x08003a42   0x00000002   Code   RO         1059    .text.HAL_UART_ErrorCallback  stm32h7xx_hal_uart.o
    0x08003a44   0x08003a44   0x000001fa   Code   RO         1055    .text.HAL_UART_IRQHandler  stm32h7xx_hal_uart.o
    0x08003c3e   0x08003c3e   0x00000064   Code   RO          963    .text.HAL_UART_Init  stm32h7xx_hal_uart.o
    0x08003ca2   0x08003ca2   0x000000f2   Code   RO           57    .text.HAL_UART_MspInit  usart.o
    0x08003d94   0x08003d94   0x0000009e   Code   RO         1017    .text.HAL_UART_Receive_DMA  stm32h7xx_hal_uart.o
    0x08003e32   0x08003e32   0x00000002   Code   RO         1065    .text.HAL_UART_RxCpltCallback  stm32h7xx_hal_uart.o
    0x08003e34   0x08003e34   0x00000002   Code   RO         1067    .text.HAL_UART_RxHalfCpltCallback  stm32h7xx_hal_uart.o
    0x08003e36   0x08003e36   0x00000094   Code   RO         1009    .text.HAL_UART_Transmit_DMA  stm32h7xx_hal_uart.o
    0x08003eca   0x08003eca   0x00000002   Code   RO         1061    .text.HAL_UART_TxCpltCallback  stm32h7xx_hal_uart.o
    0x08003ecc   0x08003ecc   0x00000002   Code   RO         1063    .text.HAL_UART_TxHalfCpltCallback  stm32h7xx_hal_uart.o
    0x08003ece   0x08003ece   0x00000002   PAD
    0x08003ed0   0x08003ed0   0x00000002   Code   RO           75    .text.HardFault_Handler  stm32h7xx_it.o
    0x08003ed2   0x08003ed2   0x00000044   Code   RO           45    .text.MX_DMA_Init   dma.o
    0x08003f16   0x08003f16   0x00000044   Code   RO           27    .text.MX_GPIO_Init  gpio.o
    0x08003f5a   0x08003f5a   0x0000007c   Code   RO           55    .text.MX_USART1_UART_Init  usart.o
    0x08003fd6   0x08003fd6   0x00000002   PAD
    0x08003fd8   0x08003fd8   0x00000002   Code   RO           77    .text.MemManage_Handler  stm32h7xx_it.o
    0x08003fda   0x08003fda   0x00000002   Code   RO           73    .text.NMI_Handler   stm32h7xx_it.o
    0x08003fdc   0x08003fdc   0x00000002   Code   RO           87    .text.PendSV_Handler  stm32h7xx_it.o
    0x08003fde   0x08003fde   0x00000002   PAD
    0x08003fe0   0x08003fe0   0x00000106   Code   RO          202    .text.RCCEx_PLL2_Config  stm32h7xx_hal_rcc_ex.o
    0x080040e6   0x080040e6   0x00000002   PAD
    0x080040e8   0x080040e8   0x00000106   Code   RO          204    .text.RCCEx_PLL3_Config  stm32h7xx_hal_rcc_ex.o
    0x080041ee   0x080041ee   0x00000002   Code   RO           83    .text.SVC_Handler   stm32h7xx_it.o
    0x080041f0   0x080041f0   0x00000004   Code   RO           89    .text.SysTick_Handler  stm32h7xx_it.o
    0x080041f4   0x080041f4   0x000000bc   Code   RO           13    .text.SystemClock_Config  main.o
    0x080042b0   0x080042b0   0x0000007c   Code   RO         1137    .text.SystemInit    system_stm32h7xx.o
    0x0800432c   0x0800432c   0x0000004e   Code   RO         1119    .text.UARTEx_SetNbDataToProcess  stm32h7xx_hal_uart_ex.o
    0x0800437a   0x0800437a   0x000000c6   Code   RO          969    .text.UART_AdvFeatureConfig  stm32h7xx_hal_uart.o
    0x08004440   0x08004440   0x00000066   Code   RO          971    .text.UART_CheckIdleState  stm32h7xx_hal_uart.o
    0x080044a6   0x080044a6   0x00000010   Code   RO         1057    .text.UART_DMAAbortOnError  stm32h7xx_hal_uart.o
    0x080044b6   0x080044b6   0x00000078   Code   RO         1015    .text.UART_DMAError  stm32h7xx_hal_uart.o
    0x0800452e   0x0800452e   0x00000034   Code   RO         1019    .text.UART_DMAReceiveCplt  stm32h7xx_hal_uart.o
    0x08004562   0x08004562   0x00000006   Code   RO         1021    .text.UART_DMARxHalfCplt  stm32h7xx_hal_uart.o
    0x08004568   0x08004568   0x00000028   Code   RO         1011    .text.UART_DMATransmitCplt  stm32h7xx_hal_uart.o
    0x08004590   0x08004590   0x00000006   Code   RO         1013    .text.UART_DMATxHalfCplt  stm32h7xx_hal_uart.o
    0x08004596   0x08004596   0x00000002   PAD
    0x08004598   0x08004598   0x000007ba   Code   RO          967    .text.UART_SetConfig  stm32h7xx_hal_uart.o
    0x08004d52   0x08004d52   0x00000002   PAD
    0x08004d54   0x08004d54   0x000000ae   Code   RO          985    .text.UART_WaitOnFlagUntilTimeout  stm32h7xx_hal_uart.o
    0x08004e02   0x08004e02   0x0000001a   Code   RO           95    .text.USART1_IRQHandler  stm32h7xx_it.o
    0x08004e1c   0x08004e1c   0x00000002   Code   RO           81    .text.UsageFault_Handler  stm32h7xx_it.o
    0x08004e1e   0x08004e1e   0x0000004a   Code   RO         1157    .text.UsartReceive_IDLE  my_uart.o
    0x08004e68   0x08004e68   0x000000c8   Code   RO           11    .text.main          main.o
    0x08004f30   0x08004f30   0x0000000e   Code   RO         1197    i.__scatterload_copy  mc_w.l(handlers.o)
    0x08004f3e   0x08004f3e   0x00000002   Code   RO         1198    i.__scatterload_null  mc_w.l(handlers.o)
    0x08004f40   0x08004f40   0x0000000e   Code   RO         1199    i.__scatterload_zeroinit  mc_w.l(handlers.o)
    0x08004f4e   0x08004f4e   0x00000002   PAD
    0x08004f50   0x08004f50   0x0000002c   Data   RO         1091    .rodata..Lswitch.table.UART_SetConfig.25  stm32h7xx_hal_uart.o
    0x08004f7c   0x08004f7c   0x00000010   Data   RO         1143    .rodata.D1CorePrescTable  system_stm32h7xx.o
    0x08004f8c   0x08004f8c   0x00000010   Data   RO         1127    .rodata.cst8        stm32h7xx_hal_uart_ex.o
    0x08004f9c   0x08004f9c   0x00000020   Data   RO         1196    Region$$Table       anon$$obj.o


    Execution Region RW_IRAM1 (Exec base: 0x20000000, Load base: 0x08004fbc, Size: 0x00000000, Max: 0x00020000, ABSOLUTE)

    **** No section assigned to this execution region ****


    Execution Region RW_IRAM2 (Exec base: 0x24000000, Load base: 0x08004fc0, Size: 0x00000998, Max: 0x00080000, ABSOLUTE, COMPRESSED[0x00000018])

    Exec Addr    Load Addr    Size         Type   Attr      Idx    E Section Name        Object

    0x24000000   COMPRESSED   0x00000404   Data   RW         1159    .ARM.__at_0x24000000  my_uart.o
    0x24000404   COMPRESSED   0x00000004   Data   RW         1141    .data.SystemCoreClock  system_stm32h7xx.o
    0x24000408   COMPRESSED   0x00000004   Data   RW         1142    .data.SystemD2Clock  system_stm32h7xx.o
    0x2400040c   COMPRESSED   0x00000001   Data   RW          744    .data.uwTickFreq    stm32h7xx_hal.o
    0x2400040d   COMPRESSED   0x00000003   PAD
    0x24000410   COMPRESSED   0x00000004   Data   RW          743    .data.uwTickPrio    stm32h7xx_hal.o
    0x24000414   COMPRESSED   0x00000004   PAD
    0x24000418        -       0x00000078   Zero   RW           62    .bss.hdma_usart1_rx  usart.o
    0x24000490        -       0x00000078   Zero   RW           63    .bss.hdma_usart1_tx  usart.o
    0x24000508        -       0x0000008c   Zero   RW           61    .bss.huart1         usart.o
    0x24000594        -       0x00000004   Zero   RW          745    .bss.uwTick         stm32h7xx_hal.o
    0x24000598        -       0x00000400   Zero   RW            1    STACK               startup_stm32h743xx.o


==============================================================================

Image component sizes


      Code (inc. data)   RO Data    RW Data    ZI Data      Debug   Object Name

        68          0          0          0          0       5279   dma.o
        68          0          0          0          0       2220   gpio.o
       390          0          0          0          0       6089   main.o
        74          0          0       1028          0       4962   my_uart.o
        36          8        664          0       1024        828   startup_stm32h743xx.o
       234          0          0          5          4      14799   stm32h7xx_hal.o
       194          0          0          0          0      11645   stm32h7xx_hal_cortex.o
      7484         12          0          0          0      16026   stm32h7xx_hal_dma.o
       472          0          0          0          0       6759   stm32h7xx_hal_gpio.o
        32          0          0          0          0       2194   stm32h7xx_hal_msp.o
        72          0          0          0          0       9908   stm32h7xx_hal_pwr_ex.o
      2194         16          0          0          0      10866   stm32h7xx_hal_rcc.o
      3326        122          0          0          0      16641   stm32h7xx_hal_rcc_ex.o
      3784        174         44          0          0      24952   stm32h7xx_hal_uart.o
       286          0         16          0          0       7526   stm32h7xx_hal_uart_ex.o
        70          0          0          0          0       1267   stm32h7xx_it.o
       124          0         16          8          0       4722   system_stm32h7xx.o
       366          0          0          0        380       9648   usart.o

    ----------------------------------------------------------------------
     19296        332        772       1044       1412     156331   Object Totals
         0          0         32          0          0          0   (incl. Generated)
        22          0          0          3          4          0   (incl. Padding)

    ----------------------------------------------------------------------

      Code (inc. data)   RO Data    RW Data    ZI Data      Debug   Library Member Name

        58          0          0          0          0          0   __dczerorl.o
         0          0          0          0          0          0   entry.o
         0          0          0          0          0          0   entry10a.o
         0          0          0          0          0          0   entry11a.o
         8          4          0          0          0          0   entry2.o
         4          0          0          0          0          0   entry5.o
         0          0          0          0          0          0   entry7b.o
         0          0          0          0          0          0   entry8b.o
         8          4          0          0          0          0   entry9a.o
        30          0          0          0          0          0   handlers.o
        36          8          0          0          0         68   init.o
        30          0          0          0          0         68   llshl.o
        32          0          0          0          0         68   llushr.o
        36          0          0          0          0        108   memseta.o
        98          0          0          0          0         92   uldiv.o

    ----------------------------------------------------------------------
       344         16          0          0          0        404   Library Totals
         4          0          0          0          0          0   (incl. Padding)

    ----------------------------------------------------------------------

      Code (inc. data)   RO Data    RW Data    ZI Data      Debug   Library Name

       340         16          0          0          0        404   mc_w.l

    ----------------------------------------------------------------------
       344         16          0          0          0        404   Library Totals

    ----------------------------------------------------------------------

==============================================================================


      Code (inc. data)   RO Data    RW Data    ZI Data      Debug   

     19640        348        772       1044       1412     156659   Grand Totals
     19640        348        772         24       1412     156659   ELF Image Totals (compressed)
     19640        348        772         24          0          0   ROM Totals

==============================================================================

    Total RO  Size (Code + RO Data)                20412 (  19.93kB)
    Total RW  Size (RW Data + ZI Data)              2456 (   2.40kB)
    Total ROM Size (Code + RO Data + RW Data)      20436 (  19.96kB)

==============================================================================

